Archive member included to satisfy reference by file (symbol)

.\CortexM3\ARM_GCC_541\Debug\rear_drive_camera_01.a(UART_1.o)
                              .\CortexM3\ARM_GCC_541\Debug\main.o (UART_1_Enable)
.\CortexM3\ARM_GCC_541\Debug\rear_drive_camera_01.a(UART_1_IntClock.o)
                              .\CortexM3\ARM_GCC_541\Debug\rear_drive_camera_01.a(UART_1.o) (UART_1_IntClock_Start)
.\CortexM3\ARM_GCC_541\Debug\rear_drive_camera_01.a(CyLib.o)
                              .\CortexM3\ARM_GCC_541\Debug\Cm3Start.o (CyHalt)
.\CortexM3\ARM_GCC_541\Debug\rear_drive_camera_01.a(cyPm.o)
                              .\CortexM3\ARM_GCC_541\Debug\rear_drive_camera_01.a(CyLib.o) (CyPmReadStatus)
.\CortexM3\ARM_GCC_541\Debug\rear_drive_camera_01.a(SonicClock.o)
                              .\CortexM3\ARM_GCC_541\Debug\main.o (SonicClock_Start)
.\CortexM3\ARM_GCC_541\Debug\rear_drive_camera_01.a(PWM_1.o)
                              .\CortexM3\ARM_GCC_541\Debug\main.o (PWM_1_Start)
.\CortexM3\ARM_GCC_541\Debug\rear_drive_camera_01.a(PWM_CLOCK.o)
                              .\CortexM3\ARM_GCC_541\Debug\main.o (PWM_CLOCK_Start)
.\CortexM3\ARM_GCC_541\Debug\rear_drive_camera_01.a(ISR_HC_SR04_1.o)
                              .\CortexM3\ARM_GCC_541\Debug\main.o (ISR_HC_SR04_1_Start)
.\CortexM3\ARM_GCC_541\Debug\rear_drive_camera_01.a(CyBootAsmGnu.o)
                              .\CortexM3\ARM_GCC_541\Debug\cyfitter_cfg.o (CyDelayCycles)
.\CortexM3\ARM_GCC_541\Debug\rear_drive_camera_01.a(CyFlash.o)
                              .\CortexM3\ARM_GCC_541\Debug\rear_drive_camera_01.a(cyPm.o) (CyFlash_SetWaitCycles)
.\CortexM3\ARM_GCC_541\Debug\rear_drive_camera_01.a(CySpc.o)
                              .\CortexM3\ARM_GCC_541\Debug\rear_drive_camera_01.a(CyFlash.o) (CySpcStart)
.\CortexM3\ARM_GCC_541\Debug\rear_drive_camera_01.a(User_LED.o)
                              .\CortexM3\ARM_GCC_541\Debug\rear_drive_camera_01.a(ISR_HC_SR04_1.o) (User_LED_Write)
.\CortexM3\ARM_GCC_541\Debug\rear_drive_camera_01.a(HC_SR04_1_REG.o)
                              .\CortexM3\ARM_GCC_541\Debug\rear_drive_camera_01.a(ISR_HC_SR04_1.o) (HC_SR04_1_REG_Read)
c:/program files (x86)/cypress/psoc creator/4.4/psoc creator/import/gnu/arm/5.4.1/bin/../lib/gcc/arm-none-eabi/5.4.1/../../../../arm-none-eabi/lib/armv7-m\libg_nano.a(lib_a-errno.o)
                              .\CortexM3\ARM_GCC_541\Debug\Cm3Start.o (__errno)
c:/program files (x86)/cypress/psoc creator/4.4/psoc creator/import/gnu/arm/5.4.1/bin/../lib/gcc/arm-none-eabi/5.4.1/../../../../arm-none-eabi/lib/armv7-m\libg_nano.a(lib_a-exit.o)
                              c:/program files (x86)/cypress/psoc creator/4.4/psoc creator/import/gnu/arm/5.4.1/bin/../lib/gcc/arm-none-eabi/5.4.1/../../../../arm-none-eabi/lib/armv7-m/crt0.o (exit)
c:/program files (x86)/cypress/psoc creator/4.4/psoc creator/import/gnu/arm/5.4.1/bin/../lib/gcc/arm-none-eabi/5.4.1/../../../../arm-none-eabi/lib/armv7-m\libg_nano.a(lib_a-impure.o)
                              c:/program files (x86)/cypress/psoc creator/4.4/psoc creator/import/gnu/arm/5.4.1/bin/../lib/gcc/arm-none-eabi/5.4.1/../../../../arm-none-eabi/lib/armv7-m\libg_nano.a(lib_a-exit.o) (_global_impure_ptr)
c:/program files (x86)/cypress/psoc creator/4.4/psoc creator/import/gnu/arm/5.4.1/bin/../lib/gcc/arm-none-eabi/5.4.1/../../../../arm-none-eabi/lib/armv7-m\libg_nano.a(lib_a-init.o)
                              c:/program files (x86)/cypress/psoc creator/4.4/psoc creator/import/gnu/arm/5.4.1/bin/../lib/gcc/arm-none-eabi/5.4.1/../../../../arm-none-eabi/lib/armv7-m/crt0.o (__libc_init_array)
c:/program files (x86)/cypress/psoc creator/4.4/psoc creator/import/gnu/arm/5.4.1/bin/../lib/gcc/arm-none-eabi/5.4.1/../../../../arm-none-eabi/lib/armv7-m\libg_nano.a(lib_a-memcpy-stub.o)
                              .\CortexM3\ARM_GCC_541\Debug\cyfitter_cfg.o (memcpy)
c:/program files (x86)/cypress/psoc creator/4.4/psoc creator/import/gnu/arm/5.4.1/bin/../lib/gcc/arm-none-eabi/5.4.1/../../../../arm-none-eabi/lib/armv7-m\libg_nano.a(lib_a-memset.o)
                              c:/program files (x86)/cypress/psoc creator/4.4/psoc creator/import/gnu/arm/5.4.1/bin/../lib/gcc/arm-none-eabi/5.4.1/../../../../arm-none-eabi/lib/armv7-m/crt0.o (memset)
c:/program files (x86)/cypress/psoc creator/4.4/psoc creator/import/gnu/arm/5.4.1/bin/../lib/gcc/arm-none-eabi/5.4.1/../../../../arm-none-eabi/lib/armv7-m\libg_nano.a(lib_a-sprintf.o)
                              .\CortexM3\ARM_GCC_541\Debug\main.o (sprintf)
c:/program files (x86)/cypress/psoc creator/4.4/psoc creator/import/gnu/arm/5.4.1/bin/../lib/gcc/arm-none-eabi/5.4.1/../../../../arm-none-eabi/lib/armv7-m\libg_nano.a(lib_a-nano-svfprintf.o)
                              c:/program files (x86)/cypress/psoc creator/4.4/psoc creator/import/gnu/arm/5.4.1/bin/../lib/gcc/arm-none-eabi/5.4.1/../../../../arm-none-eabi/lib/armv7-m\libg_nano.a(lib_a-sprintf.o) (_svfprintf_r)
[...]
Memory Configuration

Name             Origin             Length             Attributes
rom              0x00000000         0x00040000         xr
ram              0x1fff8000         0x00010000         xrw
*default*        0x00000000         0xffffffff

Linker script and memory map

LOAD c:/program files (x86)/cypress/psoc creator/4.4/psoc creator/import/gnu/arm/5.4.1/bin/../lib/gcc/arm-none-eabi/5.4.1/armv7-m/crti.o
LOAD c:/program files (x86)/cypress/psoc creator/4.4/psoc creator/import/gnu/arm/5.4.1/bin/../lib/gcc/arm-none-eabi/5.4.1/armv7-m/crtbegin.o
LOAD c:/program files (x86)/cypress/psoc creator/4.4/psoc creator/import/gnu/arm/5.4.1/bin/../lib/gcc/arm-none-eabi/5.4.1/../../../../arm-none-eabi/lib/armv7-m/crt0.o
START GROUP
LOAD .\CortexM3\ARM_GCC_541\Debug\main.o
LOAD .\CortexM3\ARM_GCC_541\Debug\cyfitter_cfg.o
LOAD .\CortexM3\ARM_GCC_541\Debug\cymetadata.o
LOAD .\CortexM3\ARM_GCC_541\Debug\Cm3Start.o
LOAD .\CortexM3\ARM_GCC_541\Debug\rear_drive_camera_01.a
LOAD C:\Program Files (x86)\Cypress\PSoC Creator\4.4\PSoC Creator\psoc\content\cycomponentlibrary\CyComponentLibrary.cylib\CortexM3\ARM_GCC_541\Debug\CyComponentLibrary.a
END GROUP
START GROUP
LOAD c:/program files (x86)/cypress/psoc creator/4.4/psoc creator/import/gnu/arm/5.4.1/bin/../lib/gcc/arm-none-eabi/5.4.1/armv7-m\libgcc.a
LOAD c:/program files (x86)/cypress/psoc creator/4.4/psoc creator/import/gnu/arm/5.4.1/bin/../lib/gcc/arm-none-eabi/5.4.1/../../../../arm-none-eabi/lib/armv7-m\libg_nano.a
LOAD c:/program files (x86)/cypress/psoc creator/4.4/psoc creator/import/gnu/arm/5.4.1/bin/../lib/gcc/arm-none-eabi/5.4.1/../../../../arm-none-eabi/lib/armv7-m\libc_nano.a
END GROUP
START GROUP
LOAD c:/program files (x86)/cypress/psoc creator/4.4/psoc creator/import/gnu/arm/5.4.1/bin/../lib/gcc/arm-none-eabi/5.4.1/armv7-m\libgcc.a
LOAD c:/program files (x86)/cypress/psoc creator/4.4/psoc creator/import/gnu/arm/5.4.1/bin/../lib/gcc/arm-none-eabi/5.4.1/../../../../arm-none-eabi/lib/armv7-m\libc_nano.a
END GROUP
LOAD c:/program files (x86)/cypress/psoc creator/4.4/psoc creator/import/gnu/arm/5.4.1/bin/../lib/gcc/arm-none-eabi/5.4.1/armv7-m/crtend.o
LOAD c:/program files (x86)/cypress/psoc creator/4.4/psoc creator/import/gnu/arm/5.4.1/bin/../lib/gcc/arm-none-eabi/5.4.1/armv7-m/crtn.o
START GROUP
LOAD c:/program files (x86)/cypress/psoc creator/4.4/psoc creator/import/gnu/arm/5.4.1/bin/../lib/gcc/arm-none-eabi/5.4.1/armv7-m\libgcc.a
LOAD c:/program files (x86)/cypress/psoc creator/4.4/psoc creator/import/gnu/arm/5.4.1/bin/../lib/gcc/arm-none-eabi/5.4.1/../../../../arm-none-eabi/lib/armv7-m\libc.a
LOAD c:/program files (x86)/cypress/psoc creator/4.4/psoc creator/import/gnu/arm/5.4.1/bin/../lib/gcc/arm-none-eabi/5.4.1/../../../../arm-none-eabi/lib/armv7-m\libnosys.a
END GROUP
                0x00000000                CY_APPL_ORIGIN = 0x0
                0x00000100                CY_FLASH_ROW_SIZE = 0x100
                0x00000020                CY_ECC_ROW_SIZE = 0x20
                0x00000000                CY_EE_IN_BTLDR = 0x0
                0x00000000                CY_APPL_LOADABLE = 0x0
                0x00000800                CY_EE_SIZE = 0x800
                0x00000001                CY_APPL_NUM = 0x1
                0x00000001                CY_APPL_MAX = 0x1
                0x00000040                CY_METADATA_SIZE = 0x40
                0x00000000                CY_APPL_LOADABLE = 0x0
                0x00000000                CY_CHECKSUM_EXCLUDE_SIZE = ALIGN (0x0, CY_FLASH_ROW_SIZE)
                [!provide]                PROVIDE (__cy_heap_start, _end)
                0x00000001                PROVIDE (__cy_region_num, ((__cy_regions_end - __cy_regions) / 0x10))
                0x20008000                PROVIDE (__cy_stack, (ORIGIN (ram) + LENGTH (ram)))
                [!provide]                PROVIDE (__cy_heap_end, (__cy_stack - 0x800))

.cybootloader   0x00000000        0x0
 *(.cybootloader)
                0x00000000                appl1_start = CY_APPL_ORIGIN?CY_APPL_ORIGIN:ALIGN (CY_FLASH_ROW_SIZE)
                0x0001ff00                appl2_start = (appl1_start + ALIGN ((((LENGTH (rom) - appl1_start) - (0x2 * CY_FLASH_ROW_SIZE)) / 0x2), CY_FLASH_ROW_SIZE))
                0x00000000                appl_start = (CY_APPL_NUM == 0x1)?appl1_start:appl2_start
                0x00000000                ecc_offset = ((appl_start / CY_FLASH_ROW_SIZE) * CY_ECC_ROW_SIZE)
                0x00000000                ee_offset = (CY_APPL_LOADABLE && ! (CY_EE_IN_BTLDR))?((CY_EE_SIZE / CY_APPL_MAX) * (CY_APPL_NUM - 0x1)):0x0
                0x00000800                ee_size = (CY_APPL_LOADABLE && ! (CY_EE_IN_BTLDR))?(CY_EE_SIZE / CY_APPL_MAX):CY_EE_SIZE
                [!provide]                PROVIDE (CY_ECC_OFFSET, ecc_offset)

.text           0x00000000     0x101c
 CREATE_OBJECT_SYMBOLS
                0x00000000                PROVIDE (__cy_interrupt_vector, RomVectors)
 *(.romvectors)
 .romvectors    0x00000000       0x10 .\CortexM3\ARM_GCC_541\Debug\Cm3Start.o
                0x00000000                RomVectors
                0x00000001                ASSERT ((. != __cy_interrupt_vector), No interrupt vector)
                0x00000001                ASSERT (CY_APPL_ORIGIN?(SIZEOF (.cybootloader) <= CY_APPL_ORIGIN):0x1, Wrong image location)
                0x00000010                PROVIDE (__cy_reset, Reset)
 *(.text.Reset)
 .text.Reset    0x00000010       0x18 .\CortexM3\ARM_GCC_541\Debug\Cm3Start.o
                0x00000010                Reset
                0x00000001                ASSERT ((. != __cy_reset), No reset code)
 *(.dma_init)
                0x00000001                ASSERT ((((appl_start + .) <= 0x10000) || 0x1), DMA Init must be within the first 64k of flash)
 *(.text .text.* .gnu.linkonce.t.*)
 .text          0x00000028       0x5c c:/program files (x86)/cypress/psoc creator/4.4/psoc creator/import/gnu/arm/5.4.1/bin/../lib/gcc/arm-none-eabi/5.4.1/armv7-m/crtbegin.o
 .text.main     0x00000084       0x50 .\CortexM3\ARM_GCC_541\Debug\main.o
                0x00000084                main
 .text.CyClockStartupError
                0x000000d4        0x4 .\CortexM3\ARM_GCC_541\Debug\cyfitter_cfg.o
 .text.cfg_write_bytes32
                0x000000d8       0x34 .\CortexM3\ARM_GCC_541\Debug\cyfitter_cfg.o
 .text.AnalogSetDefault
                0x0000010c       0x28 .\CortexM3\ARM_GCC_541\Debug\cyfitter_cfg.o
 .text.CYMEMZERO
                0x00000134        0xc .\CortexM3\ARM_GCC_541\Debug\cyfitter_cfg.o
 .text.ClockSetup
                0x00000140       0xd4 .\CortexM3\ARM_GCC_541\Debug\cyfitter_cfg.o
 .text.CYCONFIGCPY
                0x00000214        0x8 .\CortexM3\ARM_GCC_541\Debug\cyfitter_cfg.o
 .text.cyfitter_cfg
                0x0000021c      0x120 .\CortexM3\ARM_GCC_541\Debug\cyfitter_cfg.o
                0x0000021c                cyfitter_cfg
 .text.IntDefaultHandler
                0x0000033c       0x10 .\CortexM3\ARM_GCC_541\Debug\Cm3Start.o
                0x0000033c                IntDefaultHandler
 .text._sbrk    0x0000034c       0x30 .\CortexM3\ARM_GCC_541\Debug\Cm3Start.o
                0x0000034c                _sbrk
 .text.Start_c  0x0000037c       0x4c .\CortexM3\ARM_GCC_541\Debug\Cm3Start.o
                0x0000037c                Start_c
 .text.initialize_psoc
                0x000003c8       0x68 .\CortexM3\ARM_GCC_541\Debug\Cm3Start.o
                0x000003c8                initialize_psoc
 .text.UART_1_Init
                0x00000430       0x28 .\CortexM3\ARM_GCC_541\Debug\rear_drive_camera_01.a(UART_1.o)
                0x00000430                UART_1_Init
 .text.UART_1_Enable
                0x00000458       0x38 .\CortexM3\ARM_GCC_541\Debug\rear_drive_camera_01.a(UART_1.o)
                0x00000458                UART_1_Enable
 .text.UART_1_Start
                0x00000490       0x1c .\CortexM3\ARM_GCC_541\Debug\rear_drive_camera_01.a(UART_1.o)
                0x00000490                UART_1_Start
 .text.UART_1_ReadTxStatus
                0x000004ac        0xc .\CortexM3\ARM_GCC_541\Debug\rear_drive_camera_01.a(UART_1.o)
                0x000004ac                UART_1_ReadTxStatus
 .text.UART_1_PutChar
                0x000004b8       0x18 .\CortexM3\ARM_GCC_541\Debug\rear_drive_camera_01.a(UART_1.o)
                0x000004b8                UART_1_PutChar
 .text.UART_1_PutString
                0x000004d0       0x24 .\CortexM3\ARM_GCC_541\Debug\rear_drive_camera_01.a(UART_1.o)
                0x000004d0                UART_1_PutString
 .text.UART_1_ClearTxBuffer
                0x000004f4       0x24 .\CortexM3\ARM_GCC_541\Debug\rear_drive_camera_01.a(UART_1.o)
                0x000004f4                UART_1_ClearTxBuffer
 .text.UART_1_IntClock_Start
                0x00000518       0x1c .\CortexM3\ARM_GCC_541\Debug\rear_drive_camera_01.a(UART_1_IntClock.o)
                0x00000518                UART_1_IntClock_Start
 .text.CyDelay  0x00000534       0x2c .\CortexM3\ARM_GCC_541\Debug\rear_drive_camera_01.a(CyLib.o)
                0x00000534                CyDelay
 .text.SonicClock_Start
                0x00000560       0x1c .\CortexM3\ARM_GCC_541\Debug\rear_drive_camera_01.a(SonicClock.o)
                0x00000560                SonicClock_Start
 .text.PWM_1_Enable
                0x0000057c       0x10 .\CortexM3\ARM_GCC_541\Debug\rear_drive_camera_01.a(PWM_1.o)
                0x0000057c                PWM_1_Enable
 .text.PWM_1_WriteCounter
                0x0000058c        0xc .\CortexM3\ARM_GCC_541\Debug\rear_drive_camera_01.a(PWM_1.o)
                0x0000058c                PWM_1_WriteCounter
 .text.PWM_1_WritePeriod
                0x00000598        0xc .\CortexM3\ARM_GCC_541\Debug\rear_drive_camera_01.a(PWM_1.o)
                0x00000598                PWM_1_WritePeriod
 .text.PWM_1_WriteCompare
                0x000005a4        0xc .\CortexM3\ARM_GCC_541\Debug\rear_drive_camera_01.a(PWM_1.o)
                0x000005a4                PWM_1_WriteCompare
 .text.PWM_1_SetInterruptMode
                0x000005b0        0xc .\CortexM3\ARM_GCC_541\Debug\rear_drive_camera_01.a(PWM_1.o)
                0x000005b0                PWM_1_SetInterruptMode
 .text.PWM_1_ReadStatusRegister
                0x000005bc        0xc .\CortexM3\ARM_GCC_541\Debug\rear_drive_camera_01.a(PWM_1.o)
                0x000005bc                PWM_1_ReadStatusRegister
 .text.PWM_1_ReadCapture
                0x000005c8        0xc .\CortexM3\ARM_GCC_541\Debug\rear_drive_camera_01.a(PWM_1.o)
                0x000005c8                PWM_1_ReadCapture
 .text.PWM_1_ClearFIFO
                0x000005d4       0x14 .\CortexM3\ARM_GCC_541\Debug\rear_drive_camera_01.a(PWM_1.o)
                0x000005d4                PWM_1_ClearFIFO
 .text.PWM_1_Init
                0x000005e8       0x54 .\CortexM3\ARM_GCC_541\Debug\rear_drive_camera_01.a(PWM_1.o)
                0x000005e8                PWM_1_Init
 .text.PWM_1_Start
                0x0000063c       0x1c .\CortexM3\ARM_GCC_541\Debug\rear_drive_camera_01.a(PWM_1.o)
                0x0000063c                PWM_1_Start
 .text.PWM_CLOCK_Start
                0x00000658       0x1c .\CortexM3\ARM_GCC_541\Debug\rear_drive_camera_01.a(PWM_CLOCK.o)
                0x00000658                PWM_CLOCK_Start
 .text.ISR_HC_SR04_1_SetVector
                0x00000674        0xc .\CortexM3\ARM_GCC_541\Debug\rear_drive_camera_01.a(ISR_HC_SR04_1.o)
                0x00000674                ISR_HC_SR04_1_SetVector
 .text.ISR_HC_SR04_1_SetPriority
                0x00000680       0x10 .\CortexM3\ARM_GCC_541\Debug\rear_drive_camera_01.a(ISR_HC_SR04_1.o)
                0x00000680                ISR_HC_SR04_1_SetPriority
 .text.ISR_HC_SR04_1_Enable
                0x00000690       0x10 .\CortexM3\ARM_GCC_541\Debug\rear_drive_camera_01.a(ISR_HC_SR04_1.o)
                0x00000690                ISR_HC_SR04_1_Enable
 .text.ISR_HC_SR04_1_Disable
                0x000006a0       0x10 .\CortexM3\ARM_GCC_541\Debug\rear_drive_camera_01.a(ISR_HC_SR04_1.o)
                0x000006a0                ISR_HC_SR04_1_Disable
 .text.ISR_HC_SR04_1_Start
                0x000006b0       0x1c .\CortexM3\ARM_GCC_541\Debug\rear_drive_camera_01.a(ISR_HC_SR04_1.o)
                0x000006b0                ISR_HC_SR04_1_Start
 .text.ISR_HC_SR04_1_ClearPending
                0x000006cc       0x10 .\CortexM3\ARM_GCC_541\Debug\rear_drive_camera_01.a(ISR_HC_SR04_1.o)
                0x000006cc                ISR_HC_SR04_1_ClearPending
 .text.ISR_HC_SR04_1_Interrupt
                0x000006dc       0x24 .\CortexM3\ARM_GCC_541\Debug\rear_drive_camera_01.a(ISR_HC_SR04_1.o)
                0x000006dc                ISR_HC_SR04_1_Interrupt
 .text          0x00000700       0x20 .\CortexM3\ARM_GCC_541\Debug\rear_drive_camera_01.a(CyBootAsmGnu.o)
                0x00000700                CyDelayCycles
                0x00000710                CyEnterCriticalSection
                0x00000718                CyExitCriticalSection
 .text.User_LED_Write
                0x00000720       0x18 .\CortexM3\ARM_GCC_541\Debug\rear_drive_camera_01.a(User_LED.o)
                0x00000720                User_LED_Write
 .text.User_LED_Read
                0x00000738       0x10 .\CortexM3\ARM_GCC_541\Debug\rear_drive_camera_01.a(User_LED.o)
                0x00000738                User_LED_Read
 .text.HC_SR04_1_REG_Read
                0x00000748        0xc .\CortexM3\ARM_GCC_541\Debug\rear_drive_camera_01.a(HC_SR04_1_REG.o)
                0x00000748                HC_SR04_1_REG_Read
 .text.__errno  0x00000754        0xc c:/program files (x86)/cypress/psoc creator/4.4/psoc creator/import/gnu/arm/5.4.1/bin/../lib/gcc/arm-none-eabi/5.4.1/../../../../arm-none-eabi/lib/armv7-m\libg_nano.a(lib_a-errno.o)
                0x00000754                __errno
 .text.__libc_init_array
                0x00000760       0x4c c:/program files (x86)/cypress/psoc creator/4.4/psoc creator/import/gnu/arm/5.4.1/bin/../lib/gcc/arm-none-eabi/5.4.1/../../../../arm-none-eabi/lib/armv7-m\libg_nano.a(lib_a-init.o)
                0x00000760                __libc_init_array
 .text.memcpy   0x000007ac       0x16 c:/program files (x86)/cypress/psoc creator/4.4/psoc creator/import/gnu/arm/5.4.1/bin/../lib/gcc/arm-none-eabi/5.4.1/../../../../arm-none-eabi/lib/armv7-m\libg_nano.a(lib_a-memcpy-stub.o)
                0x000007ac                memcpy
 .text.memset   0x000007c2       0x10 c:/program files (x86)/cypress/psoc creator/4.4/psoc creator/import/gnu/arm/5.4.1/bin/../lib/gcc/arm-none-eabi/5.4.1/../../../../arm-none-eabi/lib/armv7-m\libg_nano.a(lib_a-memset.o)
                0x000007c2                memset
 *fill*         0x000007d2        0x2 
 .text.sprintf  0x000007d4       0x48 c:/program files (x86)/cypress/psoc creator/4.4/psoc creator/import/gnu/arm/5.4.1/bin/../lib/gcc/arm-none-eabi/5.4.1/../../../../arm-none-eabi/lib/armv7-m\libg_nano.a(lib_a-sprintf.o)
                0x000007d4                siprintf
                0x000007d4                sprintf
 .text.__ssputs_r
                0x0000081c       0xb2 c:/program files (x86)/cypress/psoc creator/4.4/psoc creator/import/gnu/arm/5.4.1/bin/../lib/gcc/arm-none-eabi/5.4.1/../../../../arm-none-eabi/lib/armv7-m\libg_nano.a(lib_a-nano-svfprintf.o)
                0x0000081c                __ssputs_r
 *fill*         0x000008ce        0x2 
 .text._svfprintf_r
                0x000008d0      0x1e8 c:/program files (x86)/cypress/psoc creator/4.4/psoc creator/import/gnu/arm/5.4.1/bin/../lib/gcc/arm-none-eabi/5.4.1/../../../../arm-none-eabi/lib/armv7-m\libg_nano.a(lib_a-nano-svfprintf.o)
                0x000008d0                _svfiprintf_r
                0x000008d0                _svfprintf_r
 .text._printf_common
                0x00000ab8       0xec c:/program files (x86)/cypress/psoc creator/4.4/psoc creator/import/gnu/arm/5.4.1/bin/../lib/gcc/arm-none-eabi/5.4.1/../../../../arm-none-eabi/lib/armv7-m\libg_nano.a(lib_a-nano-vfprintf_i.o)
                0x00000ab8                _printf_common
 .text._printf_i
                0x00000ba4      0x24c c:/program files (x86)/cypress/psoc creator/4.4/psoc creator/import/gnu/arm/5.4.1/bin/../lib/gcc/arm-none-eabi/5.4.1/../../../../arm-none-eabi/lib/armv7-m\libg_nano.a(lib_a-nano-vfprintf_i.o)
                0x00000ba4                _printf_i
 .text.memchr   0x00000df0       0x1c c:/program files (x86)/cypress/psoc creator/4.4/psoc creator/import/gnu/arm/5.4.1/bin/../lib/gcc/arm-none-eabi/5.4.1/../../../../arm-none-eabi/lib/armv7-m\libg_nano.a(lib_a-memchr-stub.o)
                0x00000df0                memchr
 .text.memmove  0x00000e0c       0x36 c:/program files (x86)/cypress/psoc creator/4.4/psoc creator/import/gnu/arm/5.4.1/bin/../lib/gcc/arm-none-eabi/5.4.1/../../../../arm-none-eabi/lib/armv7-m\libg_nano.a(lib_a-memmove.o)
                0x00000e0c                memmove
 *fill*         0x00000e42        0x2 
 .text._free_r  0x00000e44       0x98 c:/program files (x86)/cypress/psoc creator/4.4/psoc creator/import/gnu/arm/5.4.1/bin/../lib/gcc/arm-none-eabi/5.4.1/../../../../arm-none-eabi/lib/armv7-m\libg_nano.a(lib_a-nano-freer.o)
                0x00000e44                _free_r
 .text._malloc_r
                0x00000edc       0xbc c:/program files (x86)/cypress/psoc creator/4.4/psoc creator/import/gnu/arm/5.4.1/bin/../lib/gcc/arm-none-eabi/5.4.1/../../../../arm-none-eabi/lib/armv7-m\libg_nano.a(lib_a-nano-mallocr.o)
                0x00000edc                _malloc_r
 .text._realloc_r
                0x00000f98       0x4c c:/program files (x86)/cypress/psoc creator/4.4/psoc creator/import/gnu/arm/5.4.1/bin/../lib/gcc/arm-none-eabi/5.4.1/../../../../arm-none-eabi/lib/armv7-m\libg_nano.a(lib_a-nano-reallocr.o)
                0x00000f98                _realloc_r
 .text._sbrk_r  0x00000fe4       0x20 c:/program files (x86)/cypress/psoc creator/4.4/psoc creator/import/gnu/arm/5.4.1/bin/../lib/gcc/arm-none-eabi/5.4.1/../../../../arm-none-eabi/lib/armv7-m\libg_nano.a(lib_a-sbrkr.o)
                0x00000fe4                _sbrk_r
 .text.__malloc_lock
                0x00001004        0x2 c:/program files (x86)/cypress/psoc creator/4.4/psoc creator/import/gnu/arm/5.4.1/bin/../lib/gcc/arm-none-eabi/5.4.1/../../../../arm-none-eabi/lib/armv7-m\libg_nano.a(lib_a-mlock.o)
                0x00001004                __malloc_lock
 .text.__malloc_unlock
                0x00001006        0x2 c:/program files (x86)/cypress/psoc creator/4.4/psoc creator/import/gnu/arm/5.4.1/bin/../lib/gcc/arm-none-eabi/5.4.1/../../../../arm-none-eabi/lib/armv7-m\libg_nano.a(lib_a-mlock.o)
                0x00001006                __malloc_unlock
 .text._malloc_usable_size_r
                0x00001008       0x14 c:/program files (x86)/cypress/psoc creator/4.4/psoc creator/import/gnu/arm/5.4.1/bin/../lib/gcc/arm-none-eabi/5.4.1/../../../../arm-none-eabi/lib/armv7-m\libg_nano.a(lib_a-nano-msizer.o)
                0x00001008                _malloc_usable_size_r
 *(.plt)
 *(.gnu.warning)
 *(.glue_7t)
 .glue_7t       0x0000101c        0x0 linker stubs
 *(.glue_7)
 .glue_7        0x0000101c        0x0 linker stubs
 *(.vfp11_veneer)
 .vfp11_veneer  0x0000101c        0x0 linker stubs
 *(.bootloader)
 *(.ARM.extab* .gnu.linkonce.armextab.*)
 *(.gcc_except_table)

.v4_bx          0x0000101c        0x0
 .v4_bx         0x0000101c        0x0 linker stubs

.iplt           0x0000101c        0x0
 .iplt          0x0000101c        0x0 c:/program files (x86)/cypress/psoc creator/4.4/psoc creator/import/gnu/arm/5.4.1/bin/../lib/gcc/arm-none-eabi/5.4.1/armv7-m/crtbegin.o

.eh_frame_hdr
 *(.eh_frame_hdr)

.eh_frame       0x0000101c        0x4
 *(.eh_frame)
 .eh_frame      0x0000101c        0x0 c:/program files (x86)/cypress/psoc creator/4.4/psoc creator/import/gnu/arm/5.4.1/bin/../lib/gcc/arm-none-eabi/5.4.1/armv7-m/crtbegin.o
 .eh_frame      0x0000101c        0x4 c:/program files (x86)/cypress/psoc creator/4.4/psoc creator/import/gnu/arm/5.4.1/bin/../lib/gcc/arm-none-eabi/5.4.1/armv7-m/crtend.o
                [!provide]                PROVIDE (__exidx_start, .)

.ARM.exidx
 *(.ARM.exidx* .gnu.linkonce.armexidx.*)
                0x00001020                __exidx_end = .

.rodata         0x00001020       0xc0
 *(.rodata .rodata.* .gnu.linkonce.r.*)
 .rodata.str1.4
                0x00001020       0x14 .\CortexM3\ARM_GCC_541\Debug\main.o
                                 0x12 (size before relaxing)
 .rodata        0x00001034       0x42 .\CortexM3\ARM_GCC_541\Debug\cyfitter_cfg.o
 .rodata.str1.1
                0x00001076        0x2 c:/program files (x86)/cypress/psoc creator/4.4/psoc creator/import/gnu/arm/5.4.1/bin/../lib/gcc/arm-none-eabi/5.4.1/../../../../arm-none-eabi/lib/armv7-m\libg_nano.a(lib_a-impure.o)
 .rodata.str1.1
                0x00001078       0x11 c:/program files (x86)/cypress/psoc creator/4.4/psoc creator/import/gnu/arm/5.4.1/bin/../lib/gcc/arm-none-eabi/5.4.1/../../../../arm-none-eabi/lib/armv7-m\libg_nano.a(lib_a-nano-svfprintf.o)
 .rodata.str1.1
                0x00001089       0x22 c:/program files (x86)/cypress/psoc creator/4.4/psoc creator/import/gnu/arm/5.4.1/bin/../lib/gcc/arm-none-eabi/5.4.1/../../../../arm-none-eabi/lib/armv7-m\libg_nano.a(lib_a-nano-vfprintf_i.o)
                0x000010ac                . = ALIGN (0x4)
 *fill*         0x000010ab        0x1 
 *(.init)
 .init          0x000010ac        0x4 c:/program files (x86)/cypress/psoc creator/4.4/psoc creator/import/gnu/arm/5.4.1/bin/../lib/gcc/arm-none-eabi/5.4.1/armv7-m/crti.o
                0x000010ac                _init
 .init          0x000010b0        0x8 c:/program files (x86)/cypress/psoc creator/4.4/psoc creator/import/gnu/arm/5.4.1/bin/../lib/gcc/arm-none-eabi/5.4.1/armv7-m/crtn.o
                0x000010b8                . = ALIGN (0x4)
                0x000010b8                __preinit_array_start = .
 *(.preinit_array)
                0x000010b8                __preinit_array_end = .
                0x000010b8                . = ALIGN (0x4)
                0x000010b8                __init_array_start = .
 *(SORT(.init_array.*))
 *(.init_array)
 .init_array    0x000010b8        0x4 c:/program files (x86)/cypress/psoc creator/4.4/psoc creator/import/gnu/arm/5.4.1/bin/../lib/gcc/arm-none-eabi/5.4.1/armv7-m/crtbegin.o
 .init_array    0x000010bc        0x4 .\CortexM3\ARM_GCC_541\Debug\Cm3Start.o
                0x000010c0                __init_array_end = .
                0x000010c0                . = ALIGN (0x4)
 *(.fini)
 .fini          0x000010c0        0x4 c:/program files (x86)/cypress/psoc creator/4.4/psoc creator/import/gnu/arm/5.4.1/bin/../lib/gcc/arm-none-eabi/5.4.1/armv7-m/crti.o
                0x000010c0                _fini
 .fini          0x000010c4        0x8 c:/program files (x86)/cypress/psoc creator/4.4/psoc creator/import/gnu/arm/5.4.1/bin/../lib/gcc/arm-none-eabi/5.4.1/armv7-m/crtn.o
                0x000010cc                . = ALIGN (0x4)
                0x000010cc                __fini_array_start = .
 *(.fini_array)
 .fini_array    0x000010cc        0x4 c:/program files (x86)/cypress/psoc creator/4.4/psoc creator/import/gnu/arm/5.4.1/bin/../lib/gcc/arm-none-eabi/5.4.1/armv7-m/crtbegin.o
 *(SORT(.fini_array.*))
                0x000010d0                __fini_array_end = .
                0x000010d0                . = ALIGN (0x4)
 *crtbegin.o(.ctors)
 *(EXCLUDE_FILE(*crtend.o) .ctors)
 *(SORT(.ctors.*))
 *crtend.o(.ctors)
                0x000010d0                . = ALIGN (0x4)
 *crtbegin.o(.dtors)
 *(EXCLUDE_FILE(*crtend.o) .dtors)
 *(SORT(.dtors.*))
 *crtend.o(.dtors)
                0x000010d0                . = ALIGN (0x4)
                0x000010d0                __cy_regions = .
                0x000010d0        0x4 LONG 0x10e0 __cy_region_init_ram
                0x000010d4        0x4 LONG 0x1fff80c8 __cy_region_start_data
                0x000010d8        0x4 LONG 0x80 __cy_region_init_size_ram
                0x000010dc        0x4 LONG 0x30 __cy_region_zero_size_ram
                0x000010e0                __cy_regions_end = .
                0x000010e0                . = ALIGN (0x8)
                0x000010e0                _etext = .

.cy_checksum_exclude
                0x000010e0        0x0
 *(.cy_checksum_exclude)

.ramvectors     0x1fff8000       0xc0
                0x1fff8000                __cy_region_start_ram = .
 *(.ramvectors)
 .ramvectors    0x1fff8000       0xc0 .\CortexM3\ARM_GCC_541\Debug\Cm3Start.o
                0x1fff8000                CyRamVectors

.noinit         0x1fff80c0        0x1
 *(.noinit)
 .noinit        0x1fff80c0        0x1 .\CortexM3\ARM_GCC_541\Debug\rear_drive_camera_01.a(CyLib.o)
                0x1fff80c0                CyResetStatus

.data           0x1fff80c8       0x80 load address 0x000010e0
                0x1fff80c8                __cy_region_start_data = .
 *(.jcr)
 .jcr           0x1fff80c8        0x0 c:/program files (x86)/cypress/psoc creator/4.4/psoc creator/import/gnu/arm/5.4.1/bin/../lib/gcc/arm-none-eabi/5.4.1/armv7-m/crtbegin.o
 .jcr           0x1fff80c8        0x4 c:/program files (x86)/cypress/psoc creator/4.4/psoc creator/import/gnu/arm/5.4.1/bin/../lib/gcc/arm-none-eabi/5.4.1/armv7-m/crtend.o
 *(.got.plt)
 *(.got)
 *(.shdata)
 *(.data .data.* .gnu.linkonce.d.*)
 .data          0x1fff80cc        0x4 .\CortexM3\ARM_GCC_541\Debug\Cm3Start.o
 .data          0x1fff80d0       0x10 .\CortexM3\ARM_GCC_541\Debug\rear_drive_camera_01.a(CyLib.o)
                0x1fff80d0                cydelay_32k_ms
                0x1fff80d4                cydelay_freq_khz
                0x1fff80d8                cydelay_freq_mhz
                0x1fff80dc                cydelay_freq_hz
 .data.impure_data
                0x1fff80e0       0x60 c:/program files (x86)/cypress/psoc creator/4.4/psoc creator/import/gnu/arm/5.4.1/bin/../lib/gcc/arm-none-eabi/5.4.1/../../../../arm-none-eabi/lib/armv7-m\libg_nano.a(lib_a-impure.o)
 .data._impure_ptr
                0x1fff8140        0x4 c:/program files (x86)/cypress/psoc creator/4.4/psoc creator/import/gnu/arm/5.4.1/bin/../lib/gcc/arm-none-eabi/5.4.1/../../../../arm-none-eabi/lib/armv7-m\libg_nano.a(lib_a-impure.o)
                0x1fff8140                _impure_ptr
                0x1fff8148                . = ALIGN (0x8)
 *fill*         0x1fff8144        0x4 
 *(.ram)
                0x1fff8148                _edata = .

.igot.plt       0x1fff8148        0x0 load address 0x00001160
 .igot.plt      0x1fff8148        0x0 c:/program files (x86)/cypress/psoc creator/4.4/psoc creator/import/gnu/arm/5.4.1/bin/../lib/gcc/arm-none-eabi/5.4.1/armv7-m/crtbegin.o

.bss            0x1fff8148       0x30 load address 0x00001160
                0x1fff8148                PROVIDE (__bss_start__, .)
 *(.shbss)
 *(.bss .bss.* .gnu.linkonce.b.*)
 .bss           0x1fff8148       0x1c c:/program files (x86)/cypress/psoc creator/4.4/psoc creator/import/gnu/arm/5.4.1/bin/../lib/gcc/arm-none-eabi/5.4.1/armv7-m/crtbegin.o
 .bss           0x1fff8164        0x2 .\CortexM3\ARM_GCC_541\Debug\rear_drive_camera_01.a(UART_1.o)
                0x1fff8164                UART_1_initVar
 .bss           0x1fff8166        0x1 .\CortexM3\ARM_GCC_541\Debug\rear_drive_camera_01.a(PWM_1.o)
                0x1fff8166                PWM_1_initVar
 *fill*         0x1fff8167        0x1 
 .bss.__malloc_sbrk_start
                0x1fff8168        0x4 c:/program files (x86)/cypress/psoc creator/4.4/psoc creator/import/gnu/arm/5.4.1/bin/../lib/gcc/arm-none-eabi/5.4.1/../../../../arm-none-eabi/lib/armv7-m\libg_nano.a(lib_a-nano-mallocr.o)
                0x1fff8168                __malloc_sbrk_start
 .bss.__malloc_free_list
                0x1fff816c        0x4 c:/program files (x86)/cypress/psoc creator/4.4/psoc creator/import/gnu/arm/5.4.1/bin/../lib/gcc/arm-none-eabi/5.4.1/../../../../arm-none-eabi/lib/armv7-m\libg_nano.a(lib_a-nano-mallocr.o)
                0x1fff816c                __malloc_free_list
 *(COMMON)
 COMMON         0x1fff8170        0x1 .\CortexM3\ARM_GCC_541\Debug\main.o
                0x1fff8170                HC_SR01_Distance
 *fill*         0x1fff8171        0x3 
 COMMON         0x1fff8174        0x4 c:/program files (x86)/cypress/psoc creator/4.4/psoc creator/import/gnu/arm/5.4.1/bin/../lib/gcc/arm-none-eabi/5.4.1/../../../../arm-none-eabi/lib/armv7-m\libg_nano.a(lib_a-reent.o)
                0x1fff8174                errno
                0x1fff8178                . = ALIGN (0x8)
 *(.ram.b)
                0x1fff8178                _end = .
                0x1fff8178                __end = .
                0x1fff8178                PROVIDE (end, .)
                0x1fff8178                PROVIDE (__bss_end__, .)
                0x000010e0                __cy_region_init_ram = LOADADDR (.data)
                0x00000080                __cy_region_init_size_ram = (_edata - ADDR (.data))
                0x00000030                __cy_region_zero_size_ram = (_end - _edata)

.heap           0x1fff8178       0x80 load address 0x00001160
                0x1fff8178                . = _end
                0x1fff81f8                . = (. + 0x80)
 *fill*         0x1fff8178       0x80 
                0x1fff81f8                __cy_heap_limit = .

.stack          0x20007800      0x800
                0x20007800                __cy_stack_limit = .
                0x20008000                . = (. + 0x800)
 *fill*         0x20007800      0x800 
                0x00000001                ASSERT ((__cy_stack_limit >= __cy_heap_limit), region RAM overflowed with stack)
                0x00000000                cy_checksum_exclude_size = (CY_APPL_LOADABLE == 0x1)?SIZEOF (.cy_checksum_exclude):0x0
                0x00000001                ASSERT ((cy_checksum_exclude_size <= CY_CHECKSUM_EXCLUDE_SIZE), CY_BOOT: Section .cy_checksum_exclude size exceedes specified limit.)

.cyloadermeta
 *(.cyloadermeta)

.cyloadablemeta
 *(.cyloadablemeta)

.cyconfigecc    0x80000000      0x49c
 *(.cyconfigecc)
 .cyconfigecc   0x80000000      0x49c .\CortexM3\ARM_GCC_541\Debug\cymetadata.o
                0x80000000                cy_meta_configecc

.cycustnvl      0x90000000        0x4
 *(.cycustnvl)
 .cycustnvl     0x90000000        0x4 .\CortexM3\ARM_GCC_541\Debug\cymetadata.o
                0x90000000                cy_meta_custnvl

.cywolatch      0x90100000        0x4
 *(.cywolatch)
 .cywolatch     0x90100000        0x4 .\CortexM3\ARM_GCC_541\Debug\cymetadata.o
                0x90100000                cy_meta_wonvl

.cyeeprom       0x90200000        0x0
 *(.cyeeprom)
                0x00000001                ASSERT ((. <= ((0x90200000 + ee_offset) + ee_size)), .cyeeprom data will not fit in EEPROM)

.cyflashprotect
                0x90400000      0x100
 *(.cyflashprotect)
 .cyflashprotect
                0x90400000      0x100 .\CortexM3\ARM_GCC_541\Debug\cymetadata.o
                0x90400000                cy_meta_flashprotect

.cymeta         0x90500000        0xc
 *(.cymeta)
 .cymeta        0x90500000        0xc .\CortexM3\ARM_GCC_541\Debug\cymetadata.o
                0x90500000                cy_metadata

.rel.dyn        0x00001160        0x0 load address 0x9050000c
 .rel.iplt      0x00001160        0x0 c:/program files (x86)/cypress/psoc creator/4.4/psoc creator/import/gnu/arm/5.4.1/bin/../lib/gcc/arm-none-eabi/5.4.1/armv7-m/crtbegin.o

.stab
 *(.stab)

.stabstr
 *(.stabstr)

.debug
 *(.debug)

.line
 *(.line)

.debug_srcinfo
 *(.debug_srcinfo)

.debug_sfnames
 *(.debug_sfnames)

.debug_aranges  0x00000000      0x908
 *(.debug_aranges)
 .debug_aranges
                0x00000000       0x20 .\CortexM3\ARM_GCC_541\Debug\main.o
 .debug_aranges
                0x00000020       0x58 .\CortexM3\ARM_GCC_541\Debug\cyfitter_cfg.o
 .debug_aranges
                0x00000078       0x18 .\CortexM3\ARM_GCC_541\Debug\cymetadata.o
 .debug_aranges
                0x00000090       0x48 .\CortexM3\ARM_GCC_541\Debug\Cm3Start.o
 .debug_aranges
                0x000000d8       0xf0 .\CortexM3\ARM_GCC_541\Debug\rear_drive_camera_01.a(UART_1.o)
 .debug_aranges
                0x000001c8       0x70 .\CortexM3\ARM_GCC_541\Debug\rear_drive_camera_01.a(UART_1_IntClock.o)
 .debug_aranges
                0x00000238      0x2a0 .\CortexM3\ARM_GCC_541\Debug\rear_drive_camera_01.a(CyLib.o)
 .debug_aranges
                0x000004d8       0x98 .\CortexM3\ARM_GCC_541\Debug\rear_drive_camera_01.a(cyPm.o)
 .debug_aranges
                0x00000570       0x70 .\CortexM3\ARM_GCC_541\Debug\rear_drive_camera_01.a(SonicClock.o)
 .debug_aranges
                0x000005e0       0x98 .\CortexM3\ARM_GCC_541\Debug\rear_drive_camera_01.a(PWM_1.o)
 .debug_aranges
                0x00000678       0x70 .\CortexM3\ARM_GCC_541\Debug\rear_drive_camera_01.a(PWM_CLOCK.o)
 .debug_aranges
                0x000006e8       0x80 .\CortexM3\ARM_GCC_541\Debug\rear_drive_camera_01.a(ISR_HC_SR04_1.o)
 .debug_aranges
                0x00000768       0x20 .\CortexM3\ARM_GCC_541\Debug\rear_drive_camera_01.a(CyBootAsmGnu.o)
 .debug_aranges
                0x00000788       0x88 .\CortexM3\ARM_GCC_541\Debug\rear_drive_camera_01.a(CyFlash.o)
 .debug_aranges
                0x00000810       0x80 .\CortexM3\ARM_GCC_541\Debug\rear_drive_camera_01.a(CySpc.o)
 .debug_aranges
                0x00000890       0x38 .\CortexM3\ARM_GCC_541\Debug\rear_drive_camera_01.a(User_LED.o)
 .debug_aranges
                0x000008c8       0x40 .\CortexM3\ARM_GCC_541\Debug\rear_drive_camera_01.a(HC_SR04_1_REG.o)

.debug_pubnames
 *(.debug_pubnames)

.debug_info     0x00000000     0x4d6f
 *(.debug_info .gnu.linkonce.wi.*)
 .debug_info    0x00000000      0x225 .\CortexM3\ARM_GCC_541\Debug\main.o
 .debug_info    0x00000225      0x5ba .\CortexM3\ARM_GCC_541\Debug\cyfitter_cfg.o
 .debug_info    0x000007df      0x136 .\CortexM3\ARM_GCC_541\Debug\cymetadata.o
 .debug_info    0x00000915      0x3bb .\CortexM3\ARM_GCC_541\Debug\Cm3Start.o
 .debug_info    0x00000cd0      0x60c .\CortexM3\ARM_GCC_541\Debug\rear_drive_camera_01.a(UART_1.o)
 .debug_info    0x000012dc      0x283 .\CortexM3\ARM_GCC_541\Debug\rear_drive_camera_01.a(UART_1_IntClock.o)
 .debug_info    0x0000155f     0x1374 .\CortexM3\ARM_GCC_541\Debug\rear_drive_camera_01.a(CyLib.o)
 .debug_info    0x000028d3      0xa2a .\CortexM3\ARM_GCC_541\Debug\rear_drive_camera_01.a(cyPm.o)
 .debug_info    0x000032fd      0x283 .\CortexM3\ARM_GCC_541\Debug\rear_drive_camera_01.a(SonicClock.o)
 .debug_info    0x00003580      0x333 .\CortexM3\ARM_GCC_541\Debug\rear_drive_camera_01.a(PWM_1.o)
 .debug_info    0x000038b3      0x283 .\CortexM3\ARM_GCC_541\Debug\rear_drive_camera_01.a(PWM_CLOCK.o)
 .debug_info    0x00003b36      0x348 .\CortexM3\ARM_GCC_541\Debug\rear_drive_camera_01.a(ISR_HC_SR04_1.o)
 .debug_info    0x00003e7e       0xb8 .\CortexM3\ARM_GCC_541\Debug\rear_drive_camera_01.a(CyBootAsmGnu.o)
 .debug_info    0x00003f36      0x64d .\CortexM3\ARM_GCC_541\Debug\rear_drive_camera_01.a(CyFlash.o)
 .debug_info    0x00004583      0x550 .\CortexM3\ARM_GCC_541\Debug\rear_drive_camera_01.a(CySpc.o)
 .debug_info    0x00004ad3      0x11f .\CortexM3\ARM_GCC_541\Debug\rear_drive_camera_01.a(User_LED.o)
 .debug_info    0x00004bf2      0x17d .\CortexM3\ARM_GCC_541\Debug\rear_drive_camera_01.a(HC_SR04_1_REG.o)

.debug_abbrev   0x00000000     0x15c0
 *(.debug_abbrev)
 .debug_abbrev  0x00000000       0xed .\CortexM3\ARM_GCC_541\Debug\main.o
 .debug_abbrev  0x000000ed      0x20d .\CortexM3\ARM_GCC_541\Debug\cyfitter_cfg.o
 .debug_abbrev  0x000002fa       0x77 .\CortexM3\ARM_GCC_541\Debug\cymetadata.o
 .debug_abbrev  0x00000371      0x1e8 .\CortexM3\ARM_GCC_541\Debug\Cm3Start.o
 .debug_abbrev  0x00000559      0x175 .\CortexM3\ARM_GCC_541\Debug\rear_drive_camera_01.a(UART_1.o)
 .debug_abbrev  0x000006ce      0x139 .\CortexM3\ARM_GCC_541\Debug\rear_drive_camera_01.a(UART_1_IntClock.o)
 .debug_abbrev  0x00000807      0x254 .\CortexM3\ARM_GCC_541\Debug\rear_drive_camera_01.a(CyLib.o)
 .debug_abbrev  0x00000a5b      0x1ab .\CortexM3\ARM_GCC_541\Debug\rear_drive_camera_01.a(cyPm.o)
 .debug_abbrev  0x00000c06      0x139 .\CortexM3\ARM_GCC_541\Debug\rear_drive_camera_01.a(SonicClock.o)
 .debug_abbrev  0x00000d3f      0x133 .\CortexM3\ARM_GCC_541\Debug\rear_drive_camera_01.a(PWM_1.o)
 .debug_abbrev  0x00000e72      0x139 .\CortexM3\ARM_GCC_541\Debug\rear_drive_camera_01.a(PWM_CLOCK.o)
 .debug_abbrev  0x00000fab      0x18a .\CortexM3\ARM_GCC_541\Debug\rear_drive_camera_01.a(ISR_HC_SR04_1.o)
 .debug_abbrev  0x00001135       0x14 .\CortexM3\ARM_GCC_541\Debug\rear_drive_camera_01.a(CyBootAsmGnu.o)
 .debug_abbrev  0x00001149      0x1a7 .\CortexM3\ARM_GCC_541\Debug\rear_drive_camera_01.a(CyFlash.o)
 .debug_abbrev  0x000012f0      0x194 .\CortexM3\ARM_GCC_541\Debug\rear_drive_camera_01.a(CySpc.o)
 .debug_abbrev  0x00001484       0x90 .\CortexM3\ARM_GCC_541\Debug\rear_drive_camera_01.a(User_LED.o)
 .debug_abbrev  0x00001514       0xac .\CortexM3\ARM_GCC_541\Debug\rear_drive_camera_01.a(HC_SR04_1_REG.o)

.debug_line     0x00000000     0x2464
 *(.debug_line)
 .debug_line    0x00000000      0x23d .\CortexM3\ARM_GCC_541\Debug\main.o
 .debug_line    0x0000023d      0x1f8 .\CortexM3\ARM_GCC_541\Debug\cyfitter_cfg.o
 .debug_line    0x00000435      0x141 .\CortexM3\ARM_GCC_541\Debug\cymetadata.o
 .debug_line    0x00000576      0x234 .\CortexM3\ARM_GCC_541\Debug\Cm3Start.o
 .debug_line    0x000007aa      0x2c0 .\CortexM3\ARM_GCC_541\Debug\rear_drive_camera_01.a(UART_1.o)
 .debug_line    0x00000a6a      0x17e .\CortexM3\ARM_GCC_541\Debug\rear_drive_camera_01.a(UART_1_IntClock.o)
 .debug_line    0x00000be8      0x816 .\CortexM3\ARM_GCC_541\Debug\rear_drive_camera_01.a(CyLib.o)
 .debug_line    0x000013fe      0x367 .\CortexM3\ARM_GCC_541\Debug\rear_drive_camera_01.a(cyPm.o)
 .debug_line    0x00001765      0x179 .\CortexM3\ARM_GCC_541\Debug\rear_drive_camera_01.a(SonicClock.o)
 .debug_line    0x000018de      0x185 .\CortexM3\ARM_GCC_541\Debug\rear_drive_camera_01.a(PWM_1.o)
 .debug_line    0x00001a63      0x178 .\CortexM3\ARM_GCC_541\Debug\rear_drive_camera_01.a(PWM_CLOCK.o)
 .debug_line    0x00001bdb      0x25c .\CortexM3\ARM_GCC_541\Debug\rear_drive_camera_01.a(ISR_HC_SR04_1.o)
 .debug_line    0x00001e37       0x66 .\CortexM3\ARM_GCC_541\Debug\rear_drive_camera_01.a(CyBootAsmGnu.o)
 .debug_line    0x00001e9d      0x21a .\CortexM3\ARM_GCC_541\Debug\rear_drive_camera_01.a(CyFlash.o)
 .debug_line    0x000020b7      0x260 .\CortexM3\ARM_GCC_541\Debug\rear_drive_camera_01.a(CySpc.o)
 .debug_line    0x00002317       0x95 .\CortexM3\ARM_GCC_541\Debug\rear_drive_camera_01.a(User_LED.o)
 .debug_line    0x000023ac       0xb8 .\CortexM3\ARM_GCC_541\Debug\rear_drive_camera_01.a(HC_SR04_1_REG.o)

.debug_frame    0x00000000     0x19ec
 *(.debug_frame)
 .debug_frame   0x00000000       0x2c .\CortexM3\ARM_GCC_541\Debug\main.o
 .debug_frame   0x0000002c       0xe4 .\CortexM3\ARM_GCC_541\Debug\cyfitter_cfg.o
 .debug_frame   0x00000110       0xb8 .\CortexM3\ARM_GCC_541\Debug\Cm3Start.o
 .debug_frame   0x000001c8      0x250 .\CortexM3\ARM_GCC_541\Debug\rear_drive_camera_01.a(UART_1.o)
 .debug_frame   0x00000418       0xe0 .\CortexM3\ARM_GCC_541\Debug\rear_drive_camera_01.a(UART_1_IntClock.o)
 .debug_frame   0x000004f8      0x738 .\CortexM3\ARM_GCC_541\Debug\rear_drive_camera_01.a(CyLib.o)
 .debug_frame   0x00000c30      0x1f8 .\CortexM3\ARM_GCC_541\Debug\rear_drive_camera_01.a(cyPm.o)
 .debug_frame   0x00000e28       0xe0 .\CortexM3\ARM_GCC_541\Debug\rear_drive_camera_01.a(SonicClock.o)
 .debug_frame   0x00000f08      0x134 .\CortexM3\ARM_GCC_541\Debug\rear_drive_camera_01.a(PWM_1.o)
 .debug_frame   0x0000103c       0xe0 .\CortexM3\ARM_GCC_541\Debug\rear_drive_camera_01.a(PWM_CLOCK.o)
 .debug_frame   0x0000111c      0x110 .\CortexM3\ARM_GCC_541\Debug\rear_drive_camera_01.a(ISR_HC_SR04_1.o)
 .debug_frame   0x0000122c      0x194 .\CortexM3\ARM_GCC_541\Debug\rear_drive_camera_01.a(CyFlash.o)
 .debug_frame   0x000013c0      0x180 .\CortexM3\ARM_GCC_541\Debug\rear_drive_camera_01.a(CySpc.o)
 .debug_frame   0x00001540       0x50 .\CortexM3\ARM_GCC_541\Debug\rear_drive_camera_01.a(User_LED.o)
 .debug_frame   0x00001590       0x78 .\CortexM3\ARM_GCC_541\Debug\rear_drive_camera_01.a(HC_SR04_1_REG.o)
 .debug_frame   0x00001608       0x20 c:/program files (x86)/cypress/psoc creator/4.4/psoc creator/import/gnu/arm/5.4.1/bin/../lib/gcc/arm-none-eabi/5.4.1/../../../../arm-none-eabi/lib/armv7-m\libg_nano.a(lib_a-errno.o)
 .debug_frame   0x00001628       0x28 c:/program files (x86)/cypress/psoc creator/4.4/psoc creator/import/gnu/arm/5.4.1/bin/../lib/gcc/arm-none-eabi/5.4.1/../../../../arm-none-eabi/lib/armv7-m\libg_nano.a(lib_a-exit.o)
 .debug_frame   0x00001650       0x2c c:/program files (x86)/cypress/psoc creator/4.4/psoc creator/import/gnu/arm/5.4.1/bin/../lib/gcc/arm-none-eabi/5.4.1/../../../../arm-none-eabi/lib/armv7-m\libg_nano.a(lib_a-init.o)
 .debug_frame   0x0000167c       0x28 c:/program files (x86)/cypress/psoc creator/4.4/psoc creator/import/gnu/arm/5.4.1/bin/../lib/gcc/arm-none-eabi/5.4.1/../../../../arm-none-eabi/lib/armv7-m\libg_nano.a(lib_a-memcpy-stub.o)
 .debug_frame   0x000016a4       0x20 c:/program files (x86)/cypress/psoc creator/4.4/psoc creator/import/gnu/arm/5.4.1/bin/../lib/gcc/arm-none-eabi/5.4.1/../../../../arm-none-eabi/lib/armv7-m\libg_nano.a(lib_a-memset.o)
 .debug_frame   0x000016c4       0x70 c:/program files (x86)/cypress/psoc creator/4.4/psoc creator/import/gnu/arm/5.4.1/bin/../lib/gcc/arm-none-eabi/5.4.1/../../../../arm-none-eabi/lib/armv7-m\libg_nano.a(lib_a-sprintf.o)
 .debug_frame   0x00001734       0x90 c:/program files (x86)/cypress/psoc creator/4.4/psoc creator/import/gnu/arm/5.4.1/bin/../lib/gcc/arm-none-eabi/5.4.1/../../../../arm-none-eabi/lib/armv7-m\libg_nano.a(lib_a-nano-svfprintf.o)
 .debug_frame   0x000017c4       0x60 c:/program files (x86)/cypress/psoc creator/4.4/psoc creator/import/gnu/arm/5.4.1/bin/../lib/gcc/arm-none-eabi/5.4.1/../../../../arm-none-eabi/lib/armv7-m\libg_nano.a(lib_a-nano-vfprintf_i.o)
 .debug_frame   0x00001824       0x28 c:/program files (x86)/cypress/psoc creator/4.4/psoc creator/import/gnu/arm/5.4.1/bin/../lib/gcc/arm-none-eabi/5.4.1/../../../../arm-none-eabi/lib/armv7-m\libg_nano.a(lib_a-memchr-stub.o)
 .debug_frame   0x0000184c       0x28 c:/program files (x86)/cypress/psoc creator/4.4/psoc creator/import/gnu/arm/5.4.1/bin/../lib/gcc/arm-none-eabi/5.4.1/../../../../arm-none-eabi/lib/armv7-m\libg_nano.a(lib_a-memmove.o)
 .debug_frame   0x00001874       0x38 c:/program files (x86)/cypress/psoc creator/4.4/psoc creator/import/gnu/arm/5.4.1/bin/../lib/gcc/arm-none-eabi/5.4.1/../../../../arm-none-eabi/lib/armv7-m\libg_nano.a(lib_a-nano-freer.o)
 .debug_frame   0x000018ac       0x2c c:/program files (x86)/cypress/psoc creator/4.4/psoc creator/import/gnu/arm/5.4.1/bin/../lib/gcc/arm-none-eabi/5.4.1/../../../../arm-none-eabi/lib/armv7-m\libg_nano.a(lib_a-nano-mallocr.o)
 .debug_frame   0x000018d8       0x3c c:/program files (x86)/cypress/psoc creator/4.4/psoc creator/import/gnu/arm/5.4.1/bin/../lib/gcc/arm-none-eabi/5.4.1/../../../../arm-none-eabi/lib/armv7-m\libg_nano.a(lib_a-nano-reallocr.o)
 .debug_frame   0x00001914       0x2c c:/program files (x86)/cypress/psoc creator/4.4/psoc creator/import/gnu/arm/5.4.1/bin/../lib/gcc/arm-none-eabi/5.4.1/../../../../arm-none-eabi/lib/armv7-m\libg_nano.a(lib_a-sbrkr.o)
 .debug_frame   0x00001940       0x30 c:/program files (x86)/cypress/psoc creator/4.4/psoc creator/import/gnu/arm/5.4.1/bin/../lib/gcc/arm-none-eabi/5.4.1/../../../../arm-none-eabi/lib/armv7-m\libg_nano.a(lib_a-mlock.o)
 .debug_frame   0x00001970       0x20 c:/program files (x86)/cypress/psoc creator/4.4/psoc creator/import/gnu/arm/5.4.1/bin/../lib/gcc/arm-none-eabi/5.4.1/../../../../arm-none-eabi/lib/armv7-m\libg_nano.a(lib_a-nano-msizer.o)
 .debug_frame   0x00001990       0x5c c:/program files (x86)/cypress/psoc creator/4.4/psoc creator/import/gnu/arm/5.4.1/bin/../lib/gcc/arm-none-eabi/5.4.1/../../../../arm-none-eabi/lib/armv7-m\libg_nano.a(lib_a-reent.o)

.debug_str      0x00000000     0x1e21
 *(.debug_str)
 .debug_str     0x00000000      0x259 .\CortexM3\ARM_GCC_541\Debug\main.o
                                0x2a9 (size before relaxing)
 .debug_str     0x00000259      0x1b6 .\CortexM3\ARM_GCC_541\Debug\cyfitter_cfg.o
                                0x36c (size before relaxing)
 .debug_str     0x0000040f       0x75 .\CortexM3\ARM_GCC_541\Debug\cymetadata.o
                                0x20c (size before relaxing)
 .debug_str     0x00000484      0x144 .\CortexM3\ARM_GCC_541\Debug\Cm3Start.o
                                0x332 (size before relaxing)
 .debug_str     0x000005c8      0x2bd .\CortexM3\ARM_GCC_541\Debug\rear_drive_camera_01.a(UART_1.o)
                                0x4db (size before relaxing)
 .debug_str     0x00000885      0x19d .\CortexM3\ARM_GCC_541\Debug\rear_drive_camera_01.a(UART_1_IntClock.o)
                                0x376 (size before relaxing)
 .debug_str     0x00000a22      0x80a .\CortexM3\ARM_GCC_541\Debug\rear_drive_camera_01.a(CyLib.o)
                                0xa6f (size before relaxing)
 .debug_str     0x0000122c      0x365 .\CortexM3\ARM_GCC_541\Debug\rear_drive_camera_01.a(cyPm.o)
                                0x75b (size before relaxing)
 .debug_str     0x00001591      0x12a .\CortexM3\ARM_GCC_541\Debug\rear_drive_camera_01.a(SonicClock.o)
                                0x33a (size before relaxing)
 .debug_str     0x000016bb      0x18a .\CortexM3\ARM_GCC_541\Debug\rear_drive_camera_01.a(PWM_1.o)
                                0x379 (size before relaxing)
 .debug_str     0x00001845      0x11f .\CortexM3\ARM_GCC_541\Debug\rear_drive_camera_01.a(PWM_CLOCK.o)
                                0x32e (size before relaxing)
 .debug_str     0x00001964      0x172 .\CortexM3\ARM_GCC_541\Debug\rear_drive_camera_01.a(ISR_HC_SR04_1.o)
                                0x391 (size before relaxing)
 .debug_str     0x00001ad6      0x1b4 .\CortexM3\ARM_GCC_541\Debug\rear_drive_camera_01.a(CyFlash.o)
                                0x3e8 (size before relaxing)
 .debug_str     0x00001c8a       0xac .\CortexM3\ARM_GCC_541\Debug\rear_drive_camera_01.a(CySpc.o)
                                0x360 (size before relaxing)
 .debug_str     0x00001d36       0x58 .\CortexM3\ARM_GCC_541\Debug\rear_drive_camera_01.a(User_LED.o)
                                0x219 (size before relaxing)
 .debug_str     0x00001d8e       0x93 .\CortexM3\ARM_GCC_541\Debug\rear_drive_camera_01.a(HC_SR04_1_REG.o)
                                0x295 (size before relaxing)

.debug_loc      0x00000000     0x2102
 *(.debug_loc)
 .debug_loc     0x00000000      0x25a .\CortexM3\ARM_GCC_541\Debug\cyfitter_cfg.o
 .debug_loc     0x0000025a      0x144 .\CortexM3\ARM_GCC_541\Debug\Cm3Start.o
 .debug_loc     0x0000039e      0x258 .\CortexM3\ARM_GCC_541\Debug\rear_drive_camera_01.a(UART_1.o)
 .debug_loc     0x000005f6      0x12c .\CortexM3\ARM_GCC_541\Debug\rear_drive_camera_01.a(UART_1_IntClock.o)
 .debug_loc     0x00000722      0xa11 .\CortexM3\ARM_GCC_541\Debug\rear_drive_camera_01.a(CyLib.o)
 .debug_loc     0x00001133      0x1e4 .\CortexM3\ARM_GCC_541\Debug\rear_drive_camera_01.a(cyPm.o)
 .debug_loc     0x00001317      0x128 .\CortexM3\ARM_GCC_541\Debug\rear_drive_camera_01.a(SonicClock.o)
 .debug_loc     0x0000143f       0x26 .\CortexM3\ARM_GCC_541\Debug\rear_drive_camera_01.a(PWM_1.o)
 .debug_loc     0x00001465      0x128 .\CortexM3\ARM_GCC_541\Debug\rear_drive_camera_01.a(PWM_CLOCK.o)
 .debug_loc     0x0000158d       0x56 .\CortexM3\ARM_GCC_541\Debug\rear_drive_camera_01.a(ISR_HC_SR04_1.o)
 .debug_loc     0x000015e3      0x3b2 .\CortexM3\ARM_GCC_541\Debug\rear_drive_camera_01.a(CyFlash.o)
 .debug_loc     0x00001995      0x705 .\CortexM3\ARM_GCC_541\Debug\rear_drive_camera_01.a(CySpc.o)
 .debug_loc     0x0000209a       0x42 .\CortexM3\ARM_GCC_541\Debug\rear_drive_camera_01.a(User_LED.o)
 .debug_loc     0x000020dc       0x26 .\CortexM3\ARM_GCC_541\Debug\rear_drive_camera_01.a(HC_SR04_1_REG.o)

.debug_macinfo
 *(.debug_macinfo)

.debug_ranges   0x00000000      0x7e0
 *(.debug_ranges)
 .debug_ranges  0x00000000       0x10 .\CortexM3\ARM_GCC_541\Debug\main.o
 .debug_ranges  0x00000010       0x48 .\CortexM3\ARM_GCC_541\Debug\cyfitter_cfg.o
 .debug_ranges  0x00000058       0x38 .\CortexM3\ARM_GCC_541\Debug\Cm3Start.o
 .debug_ranges  0x00000090       0xe0 .\CortexM3\ARM_GCC_541\Debug\rear_drive_camera_01.a(UART_1.o)
 .debug_ranges  0x00000170       0x60 .\CortexM3\ARM_GCC_541\Debug\rear_drive_camera_01.a(UART_1_IntClock.o)
 .debug_ranges  0x000001d0      0x290 .\CortexM3\ARM_GCC_541\Debug\rear_drive_camera_01.a(CyLib.o)
 .debug_ranges  0x00000460       0x88 .\CortexM3\ARM_GCC_541\Debug\rear_drive_camera_01.a(cyPm.o)
 .debug_ranges  0x000004e8       0x60 .\CortexM3\ARM_GCC_541\Debug\rear_drive_camera_01.a(SonicClock.o)
 .debug_ranges  0x00000548       0x88 .\CortexM3\ARM_GCC_541\Debug\rear_drive_camera_01.a(PWM_1.o)
 .debug_ranges  0x000005d0       0x60 .\CortexM3\ARM_GCC_541\Debug\rear_drive_camera_01.a(PWM_CLOCK.o)
 .debug_ranges  0x00000630       0x70 .\CortexM3\ARM_GCC_541\Debug\rear_drive_camera_01.a(ISR_HC_SR04_1.o)
 .debug_ranges  0x000006a0       0x78 .\CortexM3\ARM_GCC_541\Debug\rear_drive_camera_01.a(CyFlash.o)
 .debug_ranges  0x00000718       0x70 .\CortexM3\ARM_GCC_541\Debug\rear_drive_camera_01.a(CySpc.o)
 .debug_ranges  0x00000788       0x28 .\CortexM3\ARM_GCC_541\Debug\rear_drive_camera_01.a(User_LED.o)
 .debug_ranges  0x000007b0       0x30 .\CortexM3\ARM_GCC_541\Debug\rear_drive_camera_01.a(HC_SR04_1_REG.o)

.comment        0x00000000       0x6e
 .comment       0x00000000       0x6e .\CortexM3\ARM_GCC_541\Debug\main.o
                                 0x6f (size before relaxing)
 .comment       0x0000006e       0x6f .\CortexM3\ARM_GCC_541\Debug\cyfitter_cfg.o
 .comment       0x0000006e       0x6f .\CortexM3\ARM_GCC_541\Debug\cymetadata.o
 .comment       0x0000006e       0x6f .\CortexM3\ARM_GCC_541\Debug\Cm3Start.o
 .comment       0x0000006e       0x6f .\CortexM3\ARM_GCC_541\Debug\rear_drive_camera_01.a(UART_1.o)
 .comment       0x0000006e       0x6f .\CortexM3\ARM_GCC_541\Debug\rear_drive_camera_01.a(UART_1_IntClock.o)
 .comment       0x0000006e       0x6f .\CortexM3\ARM_GCC_541\Debug\rear_drive_camera_01.a(CyLib.o)
 .comment       0x0000006e       0x6f .\CortexM3\ARM_GCC_541\Debug\rear_drive_camera_01.a(cyPm.o)
 .comment       0x0000006e       0x6f .\CortexM3\ARM_GCC_541\Debug\rear_drive_camera_01.a(SonicClock.o)
 .comment       0x0000006e       0x6f .\CortexM3\ARM_GCC_541\Debug\rear_drive_camera_01.a(PWM_1.o)
 .comment       0x0000006e       0x6f .\CortexM3\ARM_GCC_541\Debug\rear_drive_camera_01.a(PWM_CLOCK.o)
 .comment       0x0000006e       0x6f .\CortexM3\ARM_GCC_541\Debug\rear_drive_camera_01.a(ISR_HC_SR04_1.o)
 .comment       0x0000006e       0x6f .\CortexM3\ARM_GCC_541\Debug\rear_drive_camera_01.a(CyFlash.o)
 .comment       0x0000006e       0x6f .\CortexM3\ARM_GCC_541\Debug\rear_drive_camera_01.a(CySpc.o)
 .comment       0x0000006e       0x6f .\CortexM3\ARM_GCC_541\Debug\rear_drive_camera_01.a(User_LED.o)
 .comment       0x0000006e       0x6f .\CortexM3\ARM_GCC_541\Debug\rear_drive_camera_01.a(HC_SR04_1_REG.o)

.debug_weaknames
 *(.debug_weaknames)

.debug_funcnames
 *(.debug_funcnames)

.debug_typenames
 *(.debug_typenames)

.debug_varnames
 *(.debug_varnames)

.note.gnu.arm.ident
 *(.note.gnu.arm.ident)

.ARM.attributes
                0x00000000       0x29
 *(.ARM.attributes)
 .ARM.attributes
                0x00000000       0x1d c:/program files (x86)/cypress/psoc creator/4.4/psoc creator/import/gnu/arm/5.4.1/bin/../lib/gcc/arm-none-eabi/5.4.1/armv7-m/crti.o
 .ARM.attributes
                0x0000001d       0x2d c:/program files (x86)/cypress/psoc creator/4.4/psoc creator/import/gnu/arm/5.4.1/bin/../lib/gcc/arm-none-eabi/5.4.1/armv7-m/crtbegin.o
 .ARM.attributes
                0x0000004a       0x1b c:/program files (x86)/cypress/psoc creator/4.4/psoc creator/import/gnu/arm/5.4.1/bin/../lib/gcc/arm-none-eabi/5.4.1/../../../../arm-none-eabi/lib/armv7-m/crt0.o
 .ARM.attributes
                0x00000065       0x33 .\CortexM3\ARM_GCC_541\Debug\main.o
 .ARM.attributes
                0x00000098       0x33 .\CortexM3\ARM_GCC_541\Debug\cyfitter_cfg.o
 .ARM.attributes
                0x000000cb       0x33 .\CortexM3\ARM_GCC_541\Debug\cymetadata.o
 .ARM.attributes
                0x000000fe       0x33 .\CortexM3\ARM_GCC_541\Debug\Cm3Start.o
 .ARM.attributes
                0x00000131       0x33 .\CortexM3\ARM_GCC_541\Debug\rear_drive_camera_01.a(UART_1.o)
 .ARM.attributes
                0x00000164       0x33 .\CortexM3\ARM_GCC_541\Debug\rear_drive_camera_01.a(UART_1_IntClock.o)
 .ARM.attributes
                0x00000197       0x33 .\CortexM3\ARM_GCC_541\Debug\rear_drive_camera_01.a(CyLib.o)
 .ARM.attributes
                0x000001ca       0x33 .\CortexM3\ARM_GCC_541\Debug\rear_drive_camera_01.a(cyPm.o)
 .ARM.attributes
                0x000001fd       0x33 .\CortexM3\ARM_GCC_541\Debug\rear_drive_camera_01.a(SonicClock.o)
 .ARM.attributes
                0x00000230       0x33 .\CortexM3\ARM_GCC_541\Debug\rear_drive_camera_01.a(PWM_1.o)
 .ARM.attributes
                0x00000263       0x33 .\CortexM3\ARM_GCC_541\Debug\rear_drive_camera_01.a(PWM_CLOCK.o)
 .ARM.attributes
                0x00000296       0x33 .\CortexM3\ARM_GCC_541\Debug\rear_drive_camera_01.a(ISR_HC_SR04_1.o)
 .ARM.attributes
                0x000002c9       0x21 .\CortexM3\ARM_GCC_541\Debug\rear_drive_camera_01.a(CyBootAsmGnu.o)
 .ARM.attributes
                0x000002ea       0x33 .\CortexM3\ARM_GCC_541\Debug\rear_drive_camera_01.a(CyFlash.o)
 .ARM.attributes
                0x0000031d       0x33 .\CortexM3\ARM_GCC_541\Debug\rear_drive_camera_01.a(CySpc.o)
 .ARM.attributes
                0x00000350       0x33 .\CortexM3\ARM_GCC_541\Debug\rear_drive_camera_01.a(User_LED.o)
 .ARM.attributes
                0x00000383       0x33 .\CortexM3\ARM_GCC_541\Debug\rear_drive_camera_01.a(HC_SR04_1_REG.o)
 .ARM.attributes
                0x000003b6       0x2d c:/program files (x86)/cypress/psoc creator/4.4/psoc creator/import/gnu/arm/5.4.1/bin/../lib/gcc/arm-none-eabi/5.4.1/../../../../arm-none-eabi/lib/armv7-m\libg_nano.a(lib_a-errno.o)
 .ARM.attributes
                0x000003e3       0x2d c:/program files (x86)/cypress/psoc creator/4.4/psoc creator/import/gnu/arm/5.4.1/bin/../lib/gcc/arm-none-eabi/5.4.1/../../../../arm-none-eabi/lib/armv7-m\libg_nano.a(lib_a-exit.o)
 .ARM.attributes
                0x00000410       0x2d c:/program files (x86)/cypress/psoc creator/4.4/psoc creator/import/gnu/arm/5.4.1/bin/../lib/gcc/arm-none-eabi/5.4.1/../../../../arm-none-eabi/lib/armv7-m\libg_nano.a(lib_a-impure.o)
 .ARM.attributes
                0x0000043d       0x2d c:/program files (x86)/cypress/psoc creator/4.4/psoc creator/import/gnu/arm/5.4.1/bin/../lib/gcc/arm-none-eabi/5.4.1/../../../../arm-none-eabi/lib/armv7-m\libg_nano.a(lib_a-init.o)
 .ARM.attributes
                0x0000046a       0x2d c:/program files (x86)/cypress/psoc creator/4.4/psoc creator/import/gnu/arm/5.4.1/bin/../lib/gcc/arm-none-eabi/5.4.1/../../../../arm-none-eabi/lib/armv7-m\libg_nano.a(lib_a-memcpy-stub.o)
 .ARM.attributes
                0x00000497       0x2d c:/program files (x86)/cypress/psoc creator/4.4/psoc creator/import/gnu/arm/5.4.1/bin/../lib/gcc/arm-none-eabi/5.4.1/../../../../arm-none-eabi/lib/armv7-m\libg_nano.a(lib_a-memset.o)
 .ARM.attributes
                0x000004c4       0x2d c:/program files (x86)/cypress/psoc creator/4.4/psoc creator/import/gnu/arm/5.4.1/bin/../lib/gcc/arm-none-eabi/5.4.1/../../../../arm-none-eabi/lib/armv7-m\libg_nano.a(lib_a-sprintf.o)
 .ARM.attributes
                0x000004f1       0x2d c:/program files (x86)/cypress/psoc creator/4.4/psoc creator/import/gnu/arm/5.4.1/bin/../lib/gcc/arm-none-eabi/5.4.1/../../../../arm-none-eabi/lib/armv7-m\libg_nano.a(lib_a-nano-svfprintf.o)
 .ARM.attributes
                0x0000051e       0x2d c:/program files (x86)/cypress/psoc creator/4.4/psoc creator/import/gnu/arm/5.4.1/bin/../lib/gcc/arm-none-eabi/5.4.1/../../../../arm-none-eabi/lib/armv7-m\libg_nano.a(lib_a-nano-vfprintf_i.o)
 .ARM.attributes
                0x0000054b       0x2d c:/program files (x86)/cypress/psoc creator/4.4/psoc creator/import/gnu/arm/5.4.1/bin/../lib/gcc/arm-none-eabi/5.4.1/../../../../arm-none-eabi/lib/armv7-m\libg_nano.a(lib_a-memchr-stub.o)
 .ARM.attributes
                0x00000578       0x2d c:/program files (x86)/cypress/psoc creator/4.4/psoc creator/import/gnu/arm/5.4.1/bin/../lib/gcc/arm-none-eabi/5.4.1/../../../../arm-none-eabi/lib/armv7-m\libg_nano.a(lib_a-memmove.o)
 .ARM.attributes
                0x000005a5       0x2d c:/program files (x86)/cypress/psoc creator/4.4/psoc creator/import/gnu/arm/5.4.1/bin/../lib/gcc/arm-none-eabi/5.4.1/../../../../arm-none-eabi/lib/armv7-m\libg_nano.a(lib_a-nano-freer.o)
 .ARM.attributes
                0x000005d2       0x2d c:/program files (x86)/cypress/psoc creator/4.4/psoc creator/import/gnu/arm/5.4.1/bin/../lib/gcc/arm-none-eabi/5.4.1/../../../../arm-none-eabi/lib/armv7-m\libg_nano.a(lib_a-nano-mallocr.o)
 .ARM.attributes
                0x000005ff       0x2d c:/program files (x86)/cypress/psoc creator/4.4/psoc creator/import/gnu/arm/5.4.1/bin/../lib/gcc/arm-none-eabi/5.4.1/../../../../arm-none-eabi/lib/armv7-m\libg_nano.a(lib_a-nano-reallocr.o)
 .ARM.attributes
                0x0000062c       0x2d c:/program files (x86)/cypress/psoc creator/4.4/psoc creator/import/gnu/arm/5.4.1/bin/../lib/gcc/arm-none-eabi/5.4.1/../../../../arm-none-eabi/lib/armv7-m\libg_nano.a(lib_a-sbrkr.o)
 .ARM.attributes
                0x00000659       0x2d c:/program files (x86)/cypress/psoc creator/4.4/psoc creator/import/gnu/arm/5.4.1/bin/../lib/gcc/arm-none-eabi/5.4.1/../../../../arm-none-eabi/lib/armv7-m\libg_nano.a(lib_a-mlock.o)
 .ARM.attributes
                0x00000686       0x2d c:/program files (x86)/cypress/psoc creator/4.4/psoc creator/import/gnu/arm/5.4.1/bin/../lib/gcc/arm-none-eabi/5.4.1/../../../../arm-none-eabi/lib/armv7-m\libg_nano.a(lib_a-nano-msizer.o)
 .ARM.attributes
                0x000006b3       0x2d c:/program files (x86)/cypress/psoc creator/4.4/psoc creator/import/gnu/arm/5.4.1/bin/../lib/gcc/arm-none-eabi/5.4.1/../../../../arm-none-eabi/lib/armv7-m\libg_nano.a(lib_a-reent.o)
 .ARM.attributes
                0x000006e0       0x2d c:/program files (x86)/cypress/psoc creator/4.4/psoc creator/import/gnu/arm/5.4.1/bin/../lib/gcc/arm-none-eabi/5.4.1/armv7-m/crtend.o
 .ARM.attributes
                0x0000070d       0x1d c:/program files (x86)/cypress/psoc creator/4.4/psoc creator/import/gnu/arm/5.4.1/bin/../lib/gcc/arm-none-eabi/5.4.1/armv7-m/crtn.o

/DISCARD/
 *(.note.GNU-stack)
OUTPUT(C:\data\GitHub\rear-driving-camera\Cypress\rear_drive_camera\rear_drive_camera\rear_drive_camera_01.cydsn\CortexM3\ARM_GCC_541\Debug\rear_drive_camera_01.elf elf32-littlearm)
