Archive member included to satisfy reference by file (symbol)

.\CortexM3\ARM_GCC_541\Debug\rear_drive_camera_01.a(UART_1.o)
                              .\CortexM3\ARM_GCC_541\Debug\main.o (UART_1_Enable)
.\CortexM3\ARM_GCC_541\Debug\rear_drive_camera_01.a(UART_1_IntClock.o)
                              .\CortexM3\ARM_GCC_541\Debug\rear_drive_camera_01.a(UART_1.o) (UART_1_IntClock_Start)
.\CortexM3\ARM_GCC_541\Debug\rear_drive_camera_01.a(CyDmac.o)
                              .\CortexM3\ARM_GCC_541\Debug\Cm3Start.o (CyDmacConfigure)
.\CortexM3\ARM_GCC_541\Debug\rear_drive_camera_01.a(CyLib.o)
                              .\CortexM3\ARM_GCC_541\Debug\Cm3Start.o (CyHalt)
.\CortexM3\ARM_GCC_541\Debug\rear_drive_camera_01.a(cyPm.o)
                              .\CortexM3\ARM_GCC_541\Debug\rear_drive_camera_01.a(CyLib.o) (CyPmReadStatus)
.\CortexM3\ARM_GCC_541\Debug\rear_drive_camera_01.a(HC_SR04_1_Trigger.o)
                              .\CortexM3\ARM_GCC_541\Debug\main.o (HC_SR04_1_Trigger_Write)
.\CortexM3\ARM_GCC_541\Debug\rear_drive_camera_01.a(Range_1.o)
                              .\CortexM3\ARM_GCC_541\Debug\main.o (Range_1_Read)
.\CortexM3\ARM_GCC_541\Debug\rear_drive_camera_01.a(CNT_RESET.o)
                              .\CortexM3\ARM_GCC_541\Debug\main.o (CNT_RESET_Write)
.\CortexM3\ARM_GCC_541\Debug\rear_drive_camera_01.a(Range_CLK.o)
                              .\CortexM3\ARM_GCC_541\Debug\main.o (Range_CLK_Start)
.\CortexM3\ARM_GCC_541\Debug\rear_drive_camera_01.a(CyBootAsmGnu.o)
                              .\CortexM3\ARM_GCC_541\Debug\cyfitter_cfg.o (CyDelayCycles)
.\CortexM3\ARM_GCC_541\Debug\rear_drive_camera_01.a(CyFlash.o)
                              .\CortexM3\ARM_GCC_541\Debug\rear_drive_camera_01.a(cyPm.o) (CyFlash_SetWaitCycles)
.\CortexM3\ARM_GCC_541\Debug\rear_drive_camera_01.a(CySpc.o)
                              .\CortexM3\ARM_GCC_541\Debug\rear_drive_camera_01.a(CyFlash.o) (CySpcStart)
c:/program files (x86)/cypress/psoc creator/4.4/psoc creator/import/gnu/arm/5.4.1/bin/../lib/gcc/arm-none-eabi/5.4.1/../../../../arm-none-eabi/lib/armv7-m\libg_nano.a(lib_a-errno.o)
                              .\CortexM3\ARM_GCC_541\Debug\Cm3Start.o (__errno)
c:/program files (x86)/cypress/psoc creator/4.4/psoc creator/import/gnu/arm/5.4.1/bin/../lib/gcc/arm-none-eabi/5.4.1/../../../../arm-none-eabi/lib/armv7-m\libg_nano.a(lib_a-exit.o)
                              c:/program files (x86)/cypress/psoc creator/4.4/psoc creator/import/gnu/arm/5.4.1/bin/../lib/gcc/arm-none-eabi/5.4.1/../../../../arm-none-eabi/lib/armv7-m/crt0.o (exit)
c:/program files (x86)/cypress/psoc creator/4.4/psoc creator/import/gnu/arm/5.4.1/bin/../lib/gcc/arm-none-eabi/5.4.1/../../../../arm-none-eabi/lib/armv7-m\libg_nano.a(lib_a-impure.o)
                              c:/program files (x86)/cypress/psoc creator/4.4/psoc creator/import/gnu/arm/5.4.1/bin/../lib/gcc/arm-none-eabi/5.4.1/../../../../arm-none-eabi/lib/armv7-m\libg_nano.a(lib_a-exit.o) (_global_impure_ptr)
c:/program files (x86)/cypress/psoc creator/4.4/psoc creator/import/gnu/arm/5.4.1/bin/../lib/gcc/arm-none-eabi/5.4.1/../../../../arm-none-eabi/lib/armv7-m\libg_nano.a(lib_a-init.o)
                              c:/program files (x86)/cypress/psoc creator/4.4/psoc creator/import/gnu/arm/5.4.1/bin/../lib/gcc/arm-none-eabi/5.4.1/../../../../arm-none-eabi/lib/armv7-m/crt0.o (__libc_init_array)
c:/program files (x86)/cypress/psoc creator/4.4/psoc creator/import/gnu/arm/5.4.1/bin/../lib/gcc/arm-none-eabi/5.4.1/../../../../arm-none-eabi/lib/armv7-m\libg_nano.a(lib_a-memcpy-stub.o)
                              .\CortexM3\ARM_GCC_541\Debug\cyfitter_cfg.o (memcpy)
c:/program files (x86)/cypress/psoc creator/4.4/psoc creator/import/gnu/arm/5.4.1/bin/../lib/gcc/arm-none-eabi/5.4.1/../../../../arm-none-eabi/lib/armv7-m\libg_nano.a(lib_a-memset.o)
                              c:/program files (x86)/cypress/psoc creator/4.4/psoc creator/import/gnu/arm/5.4.1/bin/../lib/gcc/arm-none-eabi/5.4.1/../../../../arm-none-eabi/lib/armv7-m/crt0.o (memset)
c:/program files (x86)/cypress/psoc creator/4.4/psoc creator/import/gnu/arm/5.4.1/bin/../lib/gcc/arm-none-eabi/5.4.1/../../../../arm-none-eabi/lib/armv7-m\libg_nano.a(lib_a-sprintf.o)
                              .\CortexM3\ARM_GCC_541\Debug\main.o (sprintf)
c:/program files (x86)/cypress/psoc creator/4.4/psoc creator/import/gnu/arm/5.4.1/bin/../lib/gcc/arm-none-eabi/5.4.1/../../../../arm-none-eabi/lib/armv7-m\libg_nano.a(lib_a-nano-svfprintf.o)
                              c:/program files (x86)/cypress/psoc creator/4.4/psoc creator/import/gnu/arm/5.4.1/bin/../lib/gcc/arm-none-eabi/5.4.1/../../../../arm-none-eabi/lib/armv7-m\libg_nano.a(lib_a-sprintf.o) (_svfprintf_r)
c:/program files (x86)/cypress/psoc creator/4.4/psoc creator/import/gnu/arm/5.4.1/bin/../lib/gcc/arm-none-eabi/5.4.1/../../../../arm-none-eabi/lib/armv7-m\libg_nano.a(lib_a-nano-vfprintf_i.o)
[...]
Memory Configuration

Name             Origin             Length             Attributes
rom              0x00000000         0x00040000         xr
ram              0x1fff8000         0x00010000         xrw
*default*        0x00000000         0xffffffff

Linker script and memory map

LOAD c:/program files (x86)/cypress/psoc creator/4.4/psoc creator/import/gnu/arm/5.4.1/bin/../lib/gcc/arm-none-eabi/5.4.1/armv7-m/crti.o
LOAD c:/program files (x86)/cypress/psoc creator/4.4/psoc creator/import/gnu/arm/5.4.1/bin/../lib/gcc/arm-none-eabi/5.4.1/armv7-m/crtbegin.o
LOAD c:/program files (x86)/cypress/psoc creator/4.4/psoc creator/import/gnu/arm/5.4.1/bin/../lib/gcc/arm-none-eabi/5.4.1/../../../../arm-none-eabi/lib/armv7-m/crt0.o
START GROUP
LOAD .\CortexM3\ARM_GCC_541\Debug\main.o
LOAD .\CortexM3\ARM_GCC_541\Debug\cyfitter_cfg.o
LOAD .\CortexM3\ARM_GCC_541\Debug\cymetadata.o
LOAD .\CortexM3\ARM_GCC_541\Debug\Cm3Start.o
LOAD .\CortexM3\ARM_GCC_541\Debug\rear_drive_camera_01.a
LOAD C:\Program Files (x86)\Cypress\PSoC Creator\4.4\PSoC Creator\psoc\content\cycomponentlibrary\CyComponentLibrary.cylib\CortexM3\ARM_GCC_541\Debug\CyComponentLibrary.a
END GROUP
START GROUP
LOAD c:/program files (x86)/cypress/psoc creator/4.4/psoc creator/import/gnu/arm/5.4.1/bin/../lib/gcc/arm-none-eabi/5.4.1/armv7-m\libgcc.a
LOAD c:/program files (x86)/cypress/psoc creator/4.4/psoc creator/import/gnu/arm/5.4.1/bin/../lib/gcc/arm-none-eabi/5.4.1/../../../../arm-none-eabi/lib/armv7-m\libg_nano.a
LOAD c:/program files (x86)/cypress/psoc creator/4.4/psoc creator/import/gnu/arm/5.4.1/bin/../lib/gcc/arm-none-eabi/5.4.1/../../../../arm-none-eabi/lib/armv7-m\libc_nano.a
END GROUP
START GROUP
LOAD c:/program files (x86)/cypress/psoc creator/4.4/psoc creator/import/gnu/arm/5.4.1/bin/../lib/gcc/arm-none-eabi/5.4.1/armv7-m\libgcc.a
LOAD c:/program files (x86)/cypress/psoc creator/4.4/psoc creator/import/gnu/arm/5.4.1/bin/../lib/gcc/arm-none-eabi/5.4.1/../../../../arm-none-eabi/lib/armv7-m\libc_nano.a
END GROUP
LOAD c:/program files (x86)/cypress/psoc creator/4.4/psoc creator/import/gnu/arm/5.4.1/bin/../lib/gcc/arm-none-eabi/5.4.1/armv7-m/crtend.o
LOAD c:/program files (x86)/cypress/psoc creator/4.4/psoc creator/import/gnu/arm/5.4.1/bin/../lib/gcc/arm-none-eabi/5.4.1/armv7-m/crtn.o
START GROUP
LOAD c:/program files (x86)/cypress/psoc creator/4.4/psoc creator/import/gnu/arm/5.4.1/bin/../lib/gcc/arm-none-eabi/5.4.1/armv7-m\libgcc.a
LOAD c:/program files (x86)/cypress/psoc creator/4.4/psoc creator/import/gnu/arm/5.4.1/bin/../lib/gcc/arm-none-eabi/5.4.1/../../../../arm-none-eabi/lib/armv7-m\libc.a
LOAD c:/program files (x86)/cypress/psoc creator/4.4/psoc creator/import/gnu/arm/5.4.1/bin/../lib/gcc/arm-none-eabi/5.4.1/../../../../arm-none-eabi/lib/armv7-m\libnosys.a
END GROUP
                0x00000000                CY_APPL_ORIGIN = 0x0
                0x00000100                CY_FLASH_ROW_SIZE = 0x100
                0x00000020                CY_ECC_ROW_SIZE = 0x20
                0x00000000                CY_EE_IN_BTLDR = 0x0
                0x00000000                CY_APPL_LOADABLE = 0x0
                0x00000800                CY_EE_SIZE = 0x800
                0x00000001                CY_APPL_NUM = 0x1
                0x00000001                CY_APPL_MAX = 0x1
                0x00000040                CY_METADATA_SIZE = 0x40
                0x00000000                CY_APPL_LOADABLE = 0x0
                0x00000000                CY_CHECKSUM_EXCLUDE_SIZE = ALIGN (0x0, CY_FLASH_ROW_SIZE)
                [!provide]                PROVIDE (__cy_heap_start, _end)
                0x00000001                PROVIDE (__cy_region_num, ((__cy_regions_end - __cy_regions) / 0x10))
                0x20008000                PROVIDE (__cy_stack, (ORIGIN (ram) + LENGTH (ram)))
                [!provide]                PROVIDE (__cy_heap_end, (__cy_stack - 0x800))

.cybootloader   0x00000000        0x0
 *(.cybootloader)
                0x00000000                appl1_start = CY_APPL_ORIGIN?CY_APPL_ORIGIN:ALIGN (CY_FLASH_ROW_SIZE)
                0x0001ff00                appl2_start = (appl1_start + ALIGN ((((LENGTH (rom) - appl1_start) - (0x2 * CY_FLASH_ROW_SIZE)) / 0x2), CY_FLASH_ROW_SIZE))
                0x00000000                appl_start = (CY_APPL_NUM == 0x1)?appl1_start:appl2_start
                0x00000000                ecc_offset = ((appl_start / CY_FLASH_ROW_SIZE) * CY_ECC_ROW_SIZE)
                0x00000000                ee_offset = (CY_APPL_LOADABLE && ! (CY_EE_IN_BTLDR))?((CY_EE_SIZE / CY_APPL_MAX) * (CY_APPL_NUM - 0x1)):0x0
                0x00000800                ee_size = (CY_APPL_LOADABLE && ! (CY_EE_IN_BTLDR))?(CY_EE_SIZE / CY_APPL_MAX):CY_EE_SIZE
                [!provide]                PROVIDE (CY_ECC_OFFSET, ecc_offset)

.text           0x00000000      0xef0
 CREATE_OBJECT_SYMBOLS
                0x00000000                PROVIDE (__cy_interrupt_vector, RomVectors)
 *(.romvectors)
 .romvectors    0x00000000       0x10 .\CortexM3\ARM_GCC_541\Debug\Cm3Start.o
                0x00000000                RomVectors
                0x00000001                ASSERT ((. != __cy_interrupt_vector), No interrupt vector)
                0x00000001                ASSERT (CY_APPL_ORIGIN?(SIZEOF (.cybootloader) <= CY_APPL_ORIGIN):0x1, Wrong image location)
                0x00000010                PROVIDE (__cy_reset, Reset)
 *(.text.Reset)
 .text.Reset    0x00000010       0x18 .\CortexM3\ARM_GCC_541\Debug\Cm3Start.o
                0x00000010                Reset
                0x00000001                ASSERT ((. != __cy_reset), No reset code)
 *(.dma_init)
                0x00000001                ASSERT ((((appl_start + .) <= 0x10000) || 0x1), DMA Init must be within the first 64k of flash)
 *(.text .text.* .gnu.linkonce.t.*)
 .text          0x00000028       0x5c c:/program files (x86)/cypress/psoc creator/4.4/psoc creator/import/gnu/arm/5.4.1/bin/../lib/gcc/arm-none-eabi/5.4.1/armv7-m/crtbegin.o
 .text.main     0x00000084       0x78 .\CortexM3\ARM_GCC_541\Debug\main.o
                0x00000084                main
 .text.CyClockStartupError
                0x000000fc        0x4 .\CortexM3\ARM_GCC_541\Debug\cyfitter_cfg.o
 .text.cfg_write_bytes32
                0x00000100       0x34 .\CortexM3\ARM_GCC_541\Debug\cyfitter_cfg.o
 .text.AnalogSetDefault
                0x00000134       0x28 .\CortexM3\ARM_GCC_541\Debug\cyfitter_cfg.o
 .text.CYMEMZERO
                0x0000015c        0xc .\CortexM3\ARM_GCC_541\Debug\cyfitter_cfg.o
 .text.ClockSetup
                0x00000168       0xc8 .\CortexM3\ARM_GCC_541\Debug\cyfitter_cfg.o
 .text.CYCONFIGCPY
                0x00000230        0x8 .\CortexM3\ARM_GCC_541\Debug\cyfitter_cfg.o
 .text.cyfitter_cfg
                0x00000238      0x12c .\CortexM3\ARM_GCC_541\Debug\cyfitter_cfg.o
                0x00000238                cyfitter_cfg
 .text.IntDefaultHandler
                0x00000364       0x10 .\CortexM3\ARM_GCC_541\Debug\Cm3Start.o
                0x00000364                IntDefaultHandler
 .text._sbrk    0x00000374       0x30 .\CortexM3\ARM_GCC_541\Debug\Cm3Start.o
                0x00000374                _sbrk
 .text.Start_c  0x000003a4       0x4c .\CortexM3\ARM_GCC_541\Debug\Cm3Start.o
                0x000003a4                Start_c
 .text.initialize_psoc
                0x000003f0       0x6c .\CortexM3\ARM_GCC_541\Debug\Cm3Start.o
                0x000003f0                initialize_psoc
 .text.UART_1_Init
                0x0000045c       0x24 .\CortexM3\ARM_GCC_541\Debug\rear_drive_camera_01.a(UART_1.o)
                0x0000045c                UART_1_Init
 .text.UART_1_Enable
                0x00000480       0x38 .\CortexM3\ARM_GCC_541\Debug\rear_drive_camera_01.a(UART_1.o)
                0x00000480                UART_1_Enable
 .text.UART_1_Start
                0x000004b8       0x1c .\CortexM3\ARM_GCC_541\Debug\rear_drive_camera_01.a(UART_1.o)
                0x000004b8                UART_1_Start
 .text.UART_1_ReadTxStatus
                0x000004d4        0xc .\CortexM3\ARM_GCC_541\Debug\rear_drive_camera_01.a(UART_1.o)
                0x000004d4                UART_1_ReadTxStatus
 .text.UART_1_PutChar
                0x000004e0       0x18 .\CortexM3\ARM_GCC_541\Debug\rear_drive_camera_01.a(UART_1.o)
                0x000004e0                UART_1_PutChar
 .text.UART_1_PutString
                0x000004f8       0x24 .\CortexM3\ARM_GCC_541\Debug\rear_drive_camera_01.a(UART_1.o)
                0x000004f8                UART_1_PutString
 .text.UART_1_ClearTxBuffer
                0x0000051c       0x24 .\CortexM3\ARM_GCC_541\Debug\rear_drive_camera_01.a(UART_1.o)
                0x0000051c                UART_1_ClearTxBuffer
 .text.UART_1_IntClock_Start
                0x00000540       0x1c .\CortexM3\ARM_GCC_541\Debug\rear_drive_camera_01.a(UART_1_IntClock.o)
                0x00000540                UART_1_IntClock_Start
 .text.CyDmacConfigure
                0x0000055c       0x34 .\CortexM3\ARM_GCC_541\Debug\rear_drive_camera_01.a(CyDmac.o)
                0x0000055c                CyDmacConfigure
 .text.CyDelay  0x00000590       0x2c .\CortexM3\ARM_GCC_541\Debug\rear_drive_camera_01.a(CyLib.o)
                0x00000590                CyDelay
 .text.HC_SR04_1_Trigger_Write
                0x000005bc       0x18 .\CortexM3\ARM_GCC_541\Debug\rear_drive_camera_01.a(HC_SR04_1_Trigger.o)
                0x000005bc                HC_SR04_1_Trigger_Write
 .text.Range_1_Read
                0x000005d4        0xc .\CortexM3\ARM_GCC_541\Debug\rear_drive_camera_01.a(Range_1.o)
                0x000005d4                Range_1_Read
 .text.CNT_RESET_Write
                0x000005e0        0xc .\CortexM3\ARM_GCC_541\Debug\rear_drive_camera_01.a(CNT_RESET.o)
                0x000005e0                CNT_RESET_Write
 .text.Range_CLK_Start
                0x000005ec       0x1c .\CortexM3\ARM_GCC_541\Debug\rear_drive_camera_01.a(Range_CLK.o)
                0x000005ec                Range_CLK_Start
 .text          0x00000608       0x20 .\CortexM3\ARM_GCC_541\Debug\rear_drive_camera_01.a(CyBootAsmGnu.o)
                0x00000608                CyDelayCycles
                0x00000618                CyEnterCriticalSection
                0x00000620                CyExitCriticalSection
 .text.__errno  0x00000628        0xc c:/program files (x86)/cypress/psoc creator/4.4/psoc creator/import/gnu/arm/5.4.1/bin/../lib/gcc/arm-none-eabi/5.4.1/../../../../arm-none-eabi/lib/armv7-m\libg_nano.a(lib_a-errno.o)
                0x00000628                __errno
 .text.__libc_init_array
                0x00000634       0x4c c:/program files (x86)/cypress/psoc creator/4.4/psoc creator/import/gnu/arm/5.4.1/bin/../lib/gcc/arm-none-eabi/5.4.1/../../../../arm-none-eabi/lib/armv7-m\libg_nano.a(lib_a-init.o)
                0x00000634                __libc_init_array
 .text.memcpy   0x00000680       0x16 c:/program files (x86)/cypress/psoc creator/4.4/psoc creator/import/gnu/arm/5.4.1/bin/../lib/gcc/arm-none-eabi/5.4.1/../../../../arm-none-eabi/lib/armv7-m\libg_nano.a(lib_a-memcpy-stub.o)
                0x00000680                memcpy
 .text.memset   0x00000696       0x10 c:/program files (x86)/cypress/psoc creator/4.4/psoc creator/import/gnu/arm/5.4.1/bin/../lib/gcc/arm-none-eabi/5.4.1/../../../../arm-none-eabi/lib/armv7-m\libg_nano.a(lib_a-memset.o)
                0x00000696                memset
 *fill*         0x000006a6        0x2 
 .text.sprintf  0x000006a8       0x48 c:/program files (x86)/cypress/psoc creator/4.4/psoc creator/import/gnu/arm/5.4.1/bin/../lib/gcc/arm-none-eabi/5.4.1/../../../../arm-none-eabi/lib/armv7-m\libg_nano.a(lib_a-sprintf.o)
                0x000006a8                siprintf
                0x000006a8                sprintf
 .text.__ssputs_r
                0x000006f0       0xb2 c:/program files (x86)/cypress/psoc creator/4.4/psoc creator/import/gnu/arm/5.4.1/bin/../lib/gcc/arm-none-eabi/5.4.1/../../../../arm-none-eabi/lib/armv7-m\libg_nano.a(lib_a-nano-svfprintf.o)
                0x000006f0                __ssputs_r
 *fill*         0x000007a2        0x2 
 .text._svfprintf_r
                0x000007a4      0x1e8 c:/program files (x86)/cypress/psoc creator/4.4/psoc creator/import/gnu/arm/5.4.1/bin/../lib/gcc/arm-none-eabi/5.4.1/../../../../arm-none-eabi/lib/armv7-m\libg_nano.a(lib_a-nano-svfprintf.o)
                0x000007a4                _svfiprintf_r
                0x000007a4                _svfprintf_r
 .text._printf_common
                0x0000098c       0xec c:/program files (x86)/cypress/psoc creator/4.4/psoc creator/import/gnu/arm/5.4.1/bin/../lib/gcc/arm-none-eabi/5.4.1/../../../../arm-none-eabi/lib/armv7-m\libg_nano.a(lib_a-nano-vfprintf_i.o)
                0x0000098c                _printf_common
 .text._printf_i
                0x00000a78      0x24c c:/program files (x86)/cypress/psoc creator/4.4/psoc creator/import/gnu/arm/5.4.1/bin/../lib/gcc/arm-none-eabi/5.4.1/../../../../arm-none-eabi/lib/armv7-m\libg_nano.a(lib_a-nano-vfprintf_i.o)
                0x00000a78                _printf_i
 .text.memchr   0x00000cc4       0x1c c:/program files (x86)/cypress/psoc creator/4.4/psoc creator/import/gnu/arm/5.4.1/bin/../lib/gcc/arm-none-eabi/5.4.1/../../../../arm-none-eabi/lib/armv7-m\libg_nano.a(lib_a-memchr-stub.o)
                0x00000cc4                memchr
 .text.memmove  0x00000ce0       0x36 c:/program files (x86)/cypress/psoc creator/4.4/psoc creator/import/gnu/arm/5.4.1/bin/../lib/gcc/arm-none-eabi/5.4.1/../../../../arm-none-eabi/lib/armv7-m\libg_nano.a(lib_a-memmove.o)
                0x00000ce0                memmove
 *fill*         0x00000d16        0x2 
 .text._free_r  0x00000d18       0x98 c:/program files (x86)/cypress/psoc creator/4.4/psoc creator/import/gnu/arm/5.4.1/bin/../lib/gcc/arm-none-eabi/5.4.1/../../../../arm-none-eabi/lib/armv7-m\libg_nano.a(lib_a-nano-freer.o)
                0x00000d18                _free_r
 .text._malloc_r
                0x00000db0       0xbc c:/program files (x86)/cypress/psoc creator/4.4/psoc creator/import/gnu/arm/5.4.1/bin/../lib/gcc/arm-none-eabi/5.4.1/../../../../arm-none-eabi/lib/armv7-m\libg_nano.a(lib_a-nano-mallocr.o)
                0x00000db0                _malloc_r
 .text._realloc_r
                0x00000e6c       0x4c c:/program files (x86)/cypress/psoc creator/4.4/psoc creator/import/gnu/arm/5.4.1/bin/../lib/gcc/arm-none-eabi/5.4.1/../../../../arm-none-eabi/lib/armv7-m\libg_nano.a(lib_a-nano-reallocr.o)
                0x00000e6c                _realloc_r
 .text._sbrk_r  0x00000eb8       0x20 c:/program files (x86)/cypress/psoc creator/4.4/psoc creator/import/gnu/arm/5.4.1/bin/../lib/gcc/arm-none-eabi/5.4.1/../../../../arm-none-eabi/lib/armv7-m\libg_nano.a(lib_a-sbrkr.o)
                0x00000eb8                _sbrk_r
 .text.__malloc_lock
                0x00000ed8        0x2 c:/program files (x86)/cypress/psoc creator/4.4/psoc creator/import/gnu/arm/5.4.1/bin/../lib/gcc/arm-none-eabi/5.4.1/../../../../arm-none-eabi/lib/armv7-m\libg_nano.a(lib_a-mlock.o)
                0x00000ed8                __malloc_lock
 .text.__malloc_unlock
                0x00000eda        0x2 c:/program files (x86)/cypress/psoc creator/4.4/psoc creator/import/gnu/arm/5.4.1/bin/../lib/gcc/arm-none-eabi/5.4.1/../../../../arm-none-eabi/lib/armv7-m\libg_nano.a(lib_a-mlock.o)
                0x00000eda                __malloc_unlock
 .text._malloc_usable_size_r
                0x00000edc       0x14 c:/program files (x86)/cypress/psoc creator/4.4/psoc creator/import/gnu/arm/5.4.1/bin/../lib/gcc/arm-none-eabi/5.4.1/../../../../arm-none-eabi/lib/armv7-m\libg_nano.a(lib_a-nano-msizer.o)
                0x00000edc                _malloc_usable_size_r
 *(.plt)
 *(.gnu.warning)
 *(.glue_7t)
 .glue_7t       0x00000ef0        0x0 linker stubs
 *(.glue_7)
 .glue_7        0x00000ef0        0x0 linker stubs
 *(.vfp11_veneer)
 .vfp11_veneer  0x00000ef0        0x0 linker stubs
 *(.bootloader)
 *(.ARM.extab* .gnu.linkonce.armextab.*)
 *(.gcc_except_table)

.v4_bx          0x00000ef0        0x0
 .v4_bx         0x00000ef0        0x0 linker stubs

.iplt           0x00000ef0        0x0
 .iplt          0x00000ef0        0x0 c:/program files (x86)/cypress/psoc creator/4.4/psoc creator/import/gnu/arm/5.4.1/bin/../lib/gcc/arm-none-eabi/5.4.1/armv7-m/crtbegin.o

.eh_frame_hdr
 *(.eh_frame_hdr)

.eh_frame       0x00000ef0        0x4
 *(.eh_frame)
 .eh_frame      0x00000ef0        0x0 c:/program files (x86)/cypress/psoc creator/4.4/psoc creator/import/gnu/arm/5.4.1/bin/../lib/gcc/arm-none-eabi/5.4.1/armv7-m/crtbegin.o
 .eh_frame      0x00000ef0        0x4 c:/program files (x86)/cypress/psoc creator/4.4/psoc creator/import/gnu/arm/5.4.1/bin/../lib/gcc/arm-none-eabi/5.4.1/armv7-m/crtend.o
                [!provide]                PROVIDE (__exidx_start, .)

.ARM.exidx
 *(.ARM.exidx* .gnu.linkonce.armexidx.*)
                0x00000ef4                __exidx_end = .

.rodata         0x00000ef4       0xc4
 *(.rodata .rodata.* .gnu.linkonce.r.*)
 .rodata.str1.4
                0x00000ef4       0x14 .\CortexM3\ARM_GCC_541\Debug\main.o
                                 0x12 (size before relaxing)
 .rodata        0x00000f08       0x42 .\CortexM3\ARM_GCC_541\Debug\cyfitter_cfg.o
 .rodata.str1.1
                0x00000f4a        0x2 c:/program files (x86)/cypress/psoc creator/4.4/psoc creator/import/gnu/arm/5.4.1/bin/../lib/gcc/arm-none-eabi/5.4.1/../../../../arm-none-eabi/lib/armv7-m\libg_nano.a(lib_a-impure.o)
 .rodata.str1.1
                0x00000f4c       0x11 c:/program files (x86)/cypress/psoc creator/4.4/psoc creator/import/gnu/arm/5.4.1/bin/../lib/gcc/arm-none-eabi/5.4.1/../../../../arm-none-eabi/lib/armv7-m\libg_nano.a(lib_a-nano-svfprintf.o)
 .rodata.str1.1
                0x00000f5d       0x22 c:/program files (x86)/cypress/psoc creator/4.4/psoc creator/import/gnu/arm/5.4.1/bin/../lib/gcc/arm-none-eabi/5.4.1/../../../../arm-none-eabi/lib/armv7-m\libg_nano.a(lib_a-nano-vfprintf_i.o)
                0x00000f80                . = ALIGN (0x4)
 *fill*         0x00000f7f        0x1 
 *(.init)
 .init          0x00000f80        0x4 c:/program files (x86)/cypress/psoc creator/4.4/psoc creator/import/gnu/arm/5.4.1/bin/../lib/gcc/arm-none-eabi/5.4.1/armv7-m/crti.o
                0x00000f80                _init
 .init          0x00000f84        0x8 c:/program files (x86)/cypress/psoc creator/4.4/psoc creator/import/gnu/arm/5.4.1/bin/../lib/gcc/arm-none-eabi/5.4.1/armv7-m/crtn.o
                0x00000f8c                . = ALIGN (0x4)
                0x00000f8c                __preinit_array_start = .
 *(.preinit_array)
                0x00000f8c                __preinit_array_end = .
                0x00000f8c                . = ALIGN (0x4)
                0x00000f8c                __init_array_start = .
 *(SORT(.init_array.*))
 *(.init_array)
 .init_array    0x00000f8c        0x4 c:/program files (x86)/cypress/psoc creator/4.4/psoc creator/import/gnu/arm/5.4.1/bin/../lib/gcc/arm-none-eabi/5.4.1/armv7-m/crtbegin.o
 .init_array    0x00000f90        0x4 .\CortexM3\ARM_GCC_541\Debug\Cm3Start.o
                0x00000f94                __init_array_end = .
                0x00000f94                . = ALIGN (0x4)
 *(.fini)
 .fini          0x00000f94        0x4 c:/program files (x86)/cypress/psoc creator/4.4/psoc creator/import/gnu/arm/5.4.1/bin/../lib/gcc/arm-none-eabi/5.4.1/armv7-m/crti.o
                0x00000f94                _fini
 .fini          0x00000f98        0x8 c:/program files (x86)/cypress/psoc creator/4.4/psoc creator/import/gnu/arm/5.4.1/bin/../lib/gcc/arm-none-eabi/5.4.1/armv7-m/crtn.o
                0x00000fa0                . = ALIGN (0x4)
                0x00000fa0                __fini_array_start = .
 *(.fini_array)
 .fini_array    0x00000fa0        0x4 c:/program files (x86)/cypress/psoc creator/4.4/psoc creator/import/gnu/arm/5.4.1/bin/../lib/gcc/arm-none-eabi/5.4.1/armv7-m/crtbegin.o
 *(SORT(.fini_array.*))
                0x00000fa4                __fini_array_end = .
                0x00000fa4                . = ALIGN (0x4)
 *crtbegin.o(.ctors)
 *(EXCLUDE_FILE(*crtend.o) .ctors)
 *(SORT(.ctors.*))
 *crtend.o(.ctors)
                0x00000fa4                . = ALIGN (0x4)
 *crtbegin.o(.dtors)
 *(EXCLUDE_FILE(*crtend.o) .dtors)
 *(SORT(.dtors.*))
 *crtend.o(.dtors)
                0x00000fa4                . = ALIGN (0x4)
                0x00000fa4                __cy_regions = .
                0x00000fa4        0x4 LONG 0xfb8 __cy_region_init_ram
                0x00000fa8        0x4 LONG 0x1fff80c8 __cy_region_start_data
                0x00000fac        0x4 LONG 0x88 __cy_region_init_size_ram
                0x00000fb0        0x4 LONG 0x30 __cy_region_zero_size_ram
                0x00000fb4                __cy_regions_end = .
                0x00000fb8                . = ALIGN (0x8)
 *fill*         0x00000fb4        0x4 
                0x00000fb8                _etext = .

.cy_checksum_exclude
                0x00000fb8        0x0
 *(.cy_checksum_exclude)

.ramvectors     0x1fff8000       0xc0
                0x1fff8000                __cy_region_start_ram = .
 *(.ramvectors)
 .ramvectors    0x1fff8000       0xc0 .\CortexM3\ARM_GCC_541\Debug\Cm3Start.o
                0x1fff8000                CyRamVectors

.noinit         0x1fff80c0        0x1
 *(.noinit)
 .noinit        0x1fff80c0        0x1 .\CortexM3\ARM_GCC_541\Debug\rear_drive_camera_01.a(CyLib.o)
                0x1fff80c0                CyResetStatus

.data           0x1fff80c8       0x88 load address 0x00000fb8
                0x1fff80c8                __cy_region_start_data = .
 *(.jcr)
 .jcr           0x1fff80c8        0x0 c:/program files (x86)/cypress/psoc creator/4.4/psoc creator/import/gnu/arm/5.4.1/bin/../lib/gcc/arm-none-eabi/5.4.1/armv7-m/crtbegin.o
 .jcr           0x1fff80c8        0x4 c:/program files (x86)/cypress/psoc creator/4.4/psoc creator/import/gnu/arm/5.4.1/bin/../lib/gcc/arm-none-eabi/5.4.1/armv7-m/crtend.o
 *(.got.plt)
 *(.got)
 *(.shdata)
 *(.data .data.* .gnu.linkonce.d.*)
 .data          0x1fff80cc        0x4 .\CortexM3\ARM_GCC_541\Debug\Cm3Start.o
 .data          0x1fff80d0        0x8 .\CortexM3\ARM_GCC_541\Debug\rear_drive_camera_01.a(CyDmac.o)
 .data          0x1fff80d8       0x10 .\CortexM3\ARM_GCC_541\Debug\rear_drive_camera_01.a(CyLib.o)
                0x1fff80d8                cydelay_32k_ms
                0x1fff80dc                cydelay_freq_khz
                0x1fff80e0                cydelay_freq_mhz
                0x1fff80e4                cydelay_freq_hz
 .data.impure_data
                0x1fff80e8       0x60 c:/program files (x86)/cypress/psoc creator/4.4/psoc creator/import/gnu/arm/5.4.1/bin/../lib/gcc/arm-none-eabi/5.4.1/../../../../arm-none-eabi/lib/armv7-m\libg_nano.a(lib_a-impure.o)
 .data._impure_ptr
                0x1fff8148        0x4 c:/program files (x86)/cypress/psoc creator/4.4/psoc creator/import/gnu/arm/5.4.1/bin/../lib/gcc/arm-none-eabi/5.4.1/../../../../arm-none-eabi/lib/armv7-m\libg_nano.a(lib_a-impure.o)
                0x1fff8148                _impure_ptr
                0x1fff8150                . = ALIGN (0x8)
 *fill*         0x1fff814c        0x4 
 *(.ram)
                0x1fff8150                _edata = .

.igot.plt       0x1fff8150        0x0 load address 0x00001040
 .igot.plt      0x1fff8150        0x0 c:/program files (x86)/cypress/psoc creator/4.4/psoc creator/import/gnu/arm/5.4.1/bin/../lib/gcc/arm-none-eabi/5.4.1/armv7-m/crtbegin.o

.bss            0x1fff8150       0x30 load address 0x00001040
                0x1fff8150                PROVIDE (__bss_start__, .)
 *(.shbss)
 *(.bss .bss.* .gnu.linkonce.b.*)
 .bss           0x1fff8150       0x1c c:/program files (x86)/cypress/psoc creator/4.4/psoc creator/import/gnu/arm/5.4.1/bin/../lib/gcc/arm-none-eabi/5.4.1/armv7-m/crtbegin.o
 .bss           0x1fff816c        0x2 .\CortexM3\ARM_GCC_541\Debug\rear_drive_camera_01.a(UART_1.o)
                0x1fff816c                UART_1_initVar
 *fill*         0x1fff816e        0x2 
 .bss.__malloc_sbrk_start
                0x1fff8170        0x4 c:/program files (x86)/cypress/psoc creator/4.4/psoc creator/import/gnu/arm/5.4.1/bin/../lib/gcc/arm-none-eabi/5.4.1/../../../../arm-none-eabi/lib/armv7-m\libg_nano.a(lib_a-nano-mallocr.o)
                0x1fff8170                __malloc_sbrk_start
 .bss.__malloc_free_list
                0x1fff8174        0x4 c:/program files (x86)/cypress/psoc creator/4.4/psoc creator/import/gnu/arm/5.4.1/bin/../lib/gcc/arm-none-eabi/5.4.1/../../../../arm-none-eabi/lib/armv7-m\libg_nano.a(lib_a-nano-mallocr.o)
                0x1fff8174                __malloc_free_list
 *(COMMON)
 COMMON         0x1fff8178        0x4 c:/program files (x86)/cypress/psoc creator/4.4/psoc creator/import/gnu/arm/5.4.1/bin/../lib/gcc/arm-none-eabi/5.4.1/../../../../arm-none-eabi/lib/armv7-m\libg_nano.a(lib_a-reent.o)
                0x1fff8178                errno
                0x1fff8180                . = ALIGN (0x8)
 *fill*         0x1fff817c        0x4 
 *(.ram.b)
                0x1fff8180                _end = .
                0x1fff8180                __end = .
                0x1fff8180                PROVIDE (end, .)
                0x1fff8180                PROVIDE (__bss_end__, .)
                0x00000fb8                __cy_region_init_ram = LOADADDR (.data)
                0x00000088                __cy_region_init_size_ram = (_edata - ADDR (.data))
                0x00000030                __cy_region_zero_size_ram = (_end - _edata)

.heap           0x1fff8180       0x80 load address 0x00001040
                0x1fff8180                . = _end
                0x1fff8200                . = (. + 0x80)
 *fill*         0x1fff8180       0x80 
                0x1fff8200                __cy_heap_limit = .

.stack          0x20007800      0x800
                0x20007800                __cy_stack_limit = .
                0x20008000                . = (. + 0x800)
 *fill*         0x20007800      0x800 
                0x00000001                ASSERT ((__cy_stack_limit >= __cy_heap_limit), region RAM overflowed with stack)
                0x00000000                cy_checksum_exclude_size = (CY_APPL_LOADABLE == 0x1)?SIZEOF (.cy_checksum_exclude):0x0
                0x00000001                ASSERT ((cy_checksum_exclude_size <= CY_CHECKSUM_EXCLUDE_SIZE), CY_BOOT: Section .cy_checksum_exclude size exceedes specified limit.)

.cyloadermeta
 *(.cyloadermeta)

.cyloadablemeta
 *(.cyloadablemeta)

.cyconfigecc    0x80000000      0x50c
 *(.cyconfigecc)
 .cyconfigecc   0x80000000      0x50c .\CortexM3\ARM_GCC_541\Debug\cymetadata.o
                0x80000000                cy_meta_configecc

.cycustnvl      0x90000000        0x4
 *(.cycustnvl)
 .cycustnvl     0x90000000        0x4 .\CortexM3\ARM_GCC_541\Debug\cymetadata.o
                0x90000000                cy_meta_custnvl

.cywolatch      0x90100000        0x4
 *(.cywolatch)
 .cywolatch     0x90100000        0x4 .\CortexM3\ARM_GCC_541\Debug\cymetadata.o
                0x90100000                cy_meta_wonvl

.cyeeprom       0x90200000        0x0
 *(.cyeeprom)
                0x00000001                ASSERT ((. <= ((0x90200000 + ee_offset) + ee_size)), .cyeeprom data will not fit in EEPROM)

.cyflashprotect
                0x90400000      0x100
 *(.cyflashprotect)
 .cyflashprotect
                0x90400000      0x100 .\CortexM3\ARM_GCC_541\Debug\cymetadata.o
                0x90400000                cy_meta_flashprotect

.cymeta         0x90500000        0xc
 *(.cymeta)
 .cymeta        0x90500000        0xc .\CortexM3\ARM_GCC_541\Debug\cymetadata.o
                0x90500000                cy_metadata

.rel.dyn        0x00001040        0x0 load address 0x9050000c
 .rel.iplt      0x00001040        0x0 c:/program files (x86)/cypress/psoc creator/4.4/psoc creator/import/gnu/arm/5.4.1/bin/../lib/gcc/arm-none-eabi/5.4.1/armv7-m/crtbegin.o

.stab
 *(.stab)

.stabstr
 *(.stabstr)

.debug
 *(.debug)

.line
 *(.line)

.debug_srcinfo
 *(.debug_srcinfo)

.debug_sfnames
 *(.debug_sfnames)

.debug_aranges  0x00000000      0x8b8
 *(.debug_aranges)
 .debug_aranges
                0x00000000       0x58 .\CortexM3\ARM_GCC_541\Debug\main.o
 .debug_aranges
                0x00000058       0x58 .\CortexM3\ARM_GCC_541\Debug\cyfitter_cfg.o
 .debug_aranges
                0x000000b0       0x18 .\CortexM3\ARM_GCC_541\Debug\cymetadata.o
 .debug_aranges
                0x000000c8       0x48 .\CortexM3\ARM_GCC_541\Debug\Cm3Start.o
 .debug_aranges
                0x00000110       0xf0 .\CortexM3\ARM_GCC_541\Debug\rear_drive_camera_01.a(UART_1.o)
 .debug_aranges
                0x00000200       0x70 .\CortexM3\ARM_GCC_541\Debug\rear_drive_camera_01.a(UART_1_IntClock.o)
 .debug_aranges
                0x00000270       0xd8 .\CortexM3\ARM_GCC_541\Debug\rear_drive_camera_01.a(CyDmac.o)
 .debug_aranges
                0x00000348      0x2a0 .\CortexM3\ARM_GCC_541\Debug\rear_drive_camera_01.a(CyLib.o)
 .debug_aranges
                0x000005e8       0x98 .\CortexM3\ARM_GCC_541\Debug\rear_drive_camera_01.a(cyPm.o)
 .debug_aranges
                0x00000680       0x38 .\CortexM3\ARM_GCC_541\Debug\rear_drive_camera_01.a(HC_SR04_1_Trigger.o)
 .debug_aranges
                0x000006b8       0x40 .\CortexM3\ARM_GCC_541\Debug\rear_drive_camera_01.a(Range_1.o)
 .debug_aranges
                0x000006f8       0x28 .\CortexM3\ARM_GCC_541\Debug\rear_drive_camera_01.a(CNT_RESET.o)
 .debug_aranges
                0x00000720       0x70 .\CortexM3\ARM_GCC_541\Debug\rear_drive_camera_01.a(Range_CLK.o)
 .debug_aranges
                0x00000790       0x20 .\CortexM3\ARM_GCC_541\Debug\rear_drive_camera_01.a(CyBootAsmGnu.o)
 .debug_aranges
                0x000007b0       0x88 .\CortexM3\ARM_GCC_541\Debug\rear_drive_camera_01.a(CyFlash.o)
 .debug_aranges
                0x00000838       0x80 .\CortexM3\ARM_GCC_541\Debug\rear_drive_camera_01.a(CySpc.o)

.debug_pubnames
 *(.debug_pubnames)

.debug_info     0x00000000     0x5420
 *(.debug_info .gnu.linkonce.wi.*)
 .debug_info    0x00000000      0x780 .\CortexM3\ARM_GCC_541\Debug\main.o
 .debug_info    0x00000780      0x5d6 .\CortexM3\ARM_GCC_541\Debug\cyfitter_cfg.o
 .debug_info    0x00000d56      0x136 .\CortexM3\ARM_GCC_541\Debug\cymetadata.o
 .debug_info    0x00000e8c      0x3cf .\CortexM3\ARM_GCC_541\Debug\Cm3Start.o
 .debug_info    0x0000125b      0x60c .\CortexM3\ARM_GCC_541\Debug\rear_drive_camera_01.a(UART_1.o)
 .debug_info    0x00001867      0x283 .\CortexM3\ARM_GCC_541\Debug\rear_drive_camera_01.a(UART_1_IntClock.o)
 .debug_info    0x00001aea      0x94e .\CortexM3\ARM_GCC_541\Debug\rear_drive_camera_01.a(CyDmac.o)
 .debug_info    0x00002438     0x1374 .\CortexM3\ARM_GCC_541\Debug\rear_drive_camera_01.a(CyLib.o)
 .debug_info    0x000037ac      0xa2a .\CortexM3\ARM_GCC_541\Debug\rear_drive_camera_01.a(cyPm.o)
 .debug_info    0x000041d6      0x11f .\CortexM3\ARM_GCC_541\Debug\rear_drive_camera_01.a(HC_SR04_1_Trigger.o)
 .debug_info    0x000042f5      0x17d .\CortexM3\ARM_GCC_541\Debug\rear_drive_camera_01.a(Range_1.o)
 .debug_info    0x00004472       0xd6 .\CortexM3\ARM_GCC_541\Debug\rear_drive_camera_01.a(CNT_RESET.o)
 .debug_info    0x00004548      0x283 .\CortexM3\ARM_GCC_541\Debug\rear_drive_camera_01.a(Range_CLK.o)
 .debug_info    0x000047cb       0xb8 .\CortexM3\ARM_GCC_541\Debug\rear_drive_camera_01.a(CyBootAsmGnu.o)
 .debug_info    0x00004883      0x64d .\CortexM3\ARM_GCC_541\Debug\rear_drive_camera_01.a(CyFlash.o)
 .debug_info    0x00004ed0      0x550 .\CortexM3\ARM_GCC_541\Debug\rear_drive_camera_01.a(CySpc.o)

.debug_abbrev   0x00000000     0x159f
 *(.debug_abbrev)
 .debug_abbrev  0x00000000      0x28f .\CortexM3\ARM_GCC_541\Debug\main.o
 .debug_abbrev  0x0000028f      0x20d .\CortexM3\ARM_GCC_541\Debug\cyfitter_cfg.o
 .debug_abbrev  0x0000049c       0x77 .\CortexM3\ARM_GCC_541\Debug\cymetadata.o
 .debug_abbrev  0x00000513      0x1e8 .\CortexM3\ARM_GCC_541\Debug\Cm3Start.o
 .debug_abbrev  0x000006fb      0x175 .\CortexM3\ARM_GCC_541\Debug\rear_drive_camera_01.a(UART_1.o)
 .debug_abbrev  0x00000870      0x139 .\CortexM3\ARM_GCC_541\Debug\rear_drive_camera_01.a(UART_1_IntClock.o)
 .debug_abbrev  0x000009a9      0x1b2 .\CortexM3\ARM_GCC_541\Debug\rear_drive_camera_01.a(CyDmac.o)
 .debug_abbrev  0x00000b5b      0x254 .\CortexM3\ARM_GCC_541\Debug\rear_drive_camera_01.a(CyLib.o)
 .debug_abbrev  0x00000daf      0x1ab .\CortexM3\ARM_GCC_541\Debug\rear_drive_camera_01.a(cyPm.o)
 .debug_abbrev  0x00000f5a       0x90 .\CortexM3\ARM_GCC_541\Debug\rear_drive_camera_01.a(HC_SR04_1_Trigger.o)
 .debug_abbrev  0x00000fea       0xac .\CortexM3\ARM_GCC_541\Debug\rear_drive_camera_01.a(Range_1.o)
 .debug_abbrev  0x00001096       0x81 .\CortexM3\ARM_GCC_541\Debug\rear_drive_camera_01.a(CNT_RESET.o)
 .debug_abbrev  0x00001117      0x139 .\CortexM3\ARM_GCC_541\Debug\rear_drive_camera_01.a(Range_CLK.o)
 .debug_abbrev  0x00001250       0x14 .\CortexM3\ARM_GCC_541\Debug\rear_drive_camera_01.a(CyBootAsmGnu.o)
 .debug_abbrev  0x00001264      0x1a7 .\CortexM3\ARM_GCC_541\Debug\rear_drive_camera_01.a(CyFlash.o)
 .debug_abbrev  0x0000140b      0x194 .\CortexM3\ARM_GCC_541\Debug\rear_drive_camera_01.a(CySpc.o)

.debug_line     0x00000000     0x24f8
 *(.debug_line)
 .debug_line    0x00000000      0x4c7 .\CortexM3\ARM_GCC_541\Debug\main.o
 .debug_line    0x000004c7      0x1f7 .\CortexM3\ARM_GCC_541\Debug\cyfitter_cfg.o
 .debug_line    0x000006be      0x141 .\CortexM3\ARM_GCC_541\Debug\cymetadata.o
 .debug_line    0x000007ff      0x241 .\CortexM3\ARM_GCC_541\Debug\Cm3Start.o
 .debug_line    0x00000a40      0x2c0 .\CortexM3\ARM_GCC_541\Debug\rear_drive_camera_01.a(UART_1.o)
 .debug_line    0x00000d00      0x17e .\CortexM3\ARM_GCC_541\Debug\rear_drive_camera_01.a(UART_1_IntClock.o)
 .debug_line    0x00000e7e      0x2e4 .\CortexM3\ARM_GCC_541\Debug\rear_drive_camera_01.a(CyDmac.o)
 .debug_line    0x00001162      0x816 .\CortexM3\ARM_GCC_541\Debug\rear_drive_camera_01.a(CyLib.o)
 .debug_line    0x00001978      0x367 .\CortexM3\ARM_GCC_541\Debug\rear_drive_camera_01.a(cyPm.o)
 .debug_line    0x00001cdf       0x9e .\CortexM3\ARM_GCC_541\Debug\rear_drive_camera_01.a(HC_SR04_1_Trigger.o)
 .debug_line    0x00001d7d       0xb2 .\CortexM3\ARM_GCC_541\Debug\rear_drive_camera_01.a(Range_1.o)
 .debug_line    0x00001e2f       0x71 .\CortexM3\ARM_GCC_541\Debug\rear_drive_camera_01.a(CNT_RESET.o)
 .debug_line    0x00001ea0      0x178 .\CortexM3\ARM_GCC_541\Debug\rear_drive_camera_01.a(Range_CLK.o)
 .debug_line    0x00002018       0x66 .\CortexM3\ARM_GCC_541\Debug\rear_drive_camera_01.a(CyBootAsmGnu.o)
 .debug_line    0x0000207e      0x21a .\CortexM3\ARM_GCC_541\Debug\rear_drive_camera_01.a(CyFlash.o)
 .debug_line    0x00002298      0x260 .\CortexM3\ARM_GCC_541\Debug\rear_drive_camera_01.a(CySpc.o)

.debug_frame    0x00000000     0x19ac
 *(.debug_frame)
 .debug_frame   0x00000000       0xe8 .\CortexM3\ARM_GCC_541\Debug\main.o
 .debug_frame   0x000000e8       0xe4 .\CortexM3\ARM_GCC_541\Debug\cyfitter_cfg.o
 .debug_frame   0x000001cc       0xb8 .\CortexM3\ARM_GCC_541\Debug\Cm3Start.o
 .debug_frame   0x00000284      0x250 .\CortexM3\ARM_GCC_541\Debug\rear_drive_camera_01.a(UART_1.o)
 .debug_frame   0x000004d4       0xe0 .\CortexM3\ARM_GCC_541\Debug\rear_drive_camera_01.a(UART_1_IntClock.o)
 .debug_frame   0x000005b4      0x1f8 .\CortexM3\ARM_GCC_541\Debug\rear_drive_camera_01.a(CyDmac.o)
 .debug_frame   0x000007ac      0x738 .\CortexM3\ARM_GCC_541\Debug\rear_drive_camera_01.a(CyLib.o)
 .debug_frame   0x00000ee4      0x1f8 .\CortexM3\ARM_GCC_541\Debug\rear_drive_camera_01.a(cyPm.o)
 .debug_frame   0x000010dc       0x50 .\CortexM3\ARM_GCC_541\Debug\rear_drive_camera_01.a(HC_SR04_1_Trigger.o)
 .debug_frame   0x0000112c       0x78 .\CortexM3\ARM_GCC_541\Debug\rear_drive_camera_01.a(Range_1.o)
 .debug_frame   0x000011a4       0x30 .\CortexM3\ARM_GCC_541\Debug\rear_drive_camera_01.a(CNT_RESET.o)
 .debug_frame   0x000011d4       0xe0 .\CortexM3\ARM_GCC_541\Debug\rear_drive_camera_01.a(Range_CLK.o)
 .debug_frame   0x000012b4      0x194 .\CortexM3\ARM_GCC_541\Debug\rear_drive_camera_01.a(CyFlash.o)
 .debug_frame   0x00001448      0x180 .\CortexM3\ARM_GCC_541\Debug\rear_drive_camera_01.a(CySpc.o)
 .debug_frame   0x000015c8       0x20 c:/program files (x86)/cypress/psoc creator/4.4/psoc creator/import/gnu/arm/5.4.1/bin/../lib/gcc/arm-none-eabi/5.4.1/../../../../arm-none-eabi/lib/armv7-m\libg_nano.a(lib_a-errno.o)
 .debug_frame   0x000015e8       0x28 c:/program files (x86)/cypress/psoc creator/4.4/psoc creator/import/gnu/arm/5.4.1/bin/../lib/gcc/arm-none-eabi/5.4.1/../../../../arm-none-eabi/lib/armv7-m\libg_nano.a(lib_a-exit.o)
 .debug_frame   0x00001610       0x2c c:/program files (x86)/cypress/psoc creator/4.4/psoc creator/import/gnu/arm/5.4.1/bin/../lib/gcc/arm-none-eabi/5.4.1/../../../../arm-none-eabi/lib/armv7-m\libg_nano.a(lib_a-init.o)
 .debug_frame   0x0000163c       0x28 c:/program files (x86)/cypress/psoc creator/4.4/psoc creator/import/gnu/arm/5.4.1/bin/../lib/gcc/arm-none-eabi/5.4.1/../../../../arm-none-eabi/lib/armv7-m\libg_nano.a(lib_a-memcpy-stub.o)
 .debug_frame   0x00001664       0x20 c:/program files (x86)/cypress/psoc creator/4.4/psoc creator/import/gnu/arm/5.4.1/bin/../lib/gcc/arm-none-eabi/5.4.1/../../../../arm-none-eabi/lib/armv7-m\libg_nano.a(lib_a-memset.o)
 .debug_frame   0x00001684       0x70 c:/program files (x86)/cypress/psoc creator/4.4/psoc creator/import/gnu/arm/5.4.1/bin/../lib/gcc/arm-none-eabi/5.4.1/../../../../arm-none-eabi/lib/armv7-m\libg_nano.a(lib_a-sprintf.o)
 .debug_frame   0x000016f4       0x90 c:/program files (x86)/cypress/psoc creator/4.4/psoc creator/import/gnu/arm/5.4.1/bin/../lib/gcc/arm-none-eabi/5.4.1/../../../../arm-none-eabi/lib/armv7-m\libg_nano.a(lib_a-nano-svfprintf.o)
 .debug_frame   0x00001784       0x60 c:/program files (x86)/cypress/psoc creator/4.4/psoc creator/import/gnu/arm/5.4.1/bin/../lib/gcc/arm-none-eabi/5.4.1/../../../../arm-none-eabi/lib/armv7-m\libg_nano.a(lib_a-nano-vfprintf_i.o)
 .debug_frame   0x000017e4       0x28 c:/program files (x86)/cypress/psoc creator/4.4/psoc creator/import/gnu/arm/5.4.1/bin/../lib/gcc/arm-none-eabi/5.4.1/../../../../arm-none-eabi/lib/armv7-m\libg_nano.a(lib_a-memchr-stub.o)
 .debug_frame   0x0000180c       0x28 c:/program files (x86)/cypress/psoc creator/4.4/psoc creator/import/gnu/arm/5.4.1/bin/../lib/gcc/arm-none-eabi/5.4.1/../../../../arm-none-eabi/lib/armv7-m\libg_nano.a(lib_a-memmove.o)
 .debug_frame   0x00001834       0x38 c:/program files (x86)/cypress/psoc creator/4.4/psoc creator/import/gnu/arm/5.4.1/bin/../lib/gcc/arm-none-eabi/5.4.1/../../../../arm-none-eabi/lib/armv7-m\libg_nano.a(lib_a-nano-freer.o)
 .debug_frame   0x0000186c       0x2c c:/program files (x86)/cypress/psoc creator/4.4/psoc creator/import/gnu/arm/5.4.1/bin/../lib/gcc/arm-none-eabi/5.4.1/../../../../arm-none-eabi/lib/armv7-m\libg_nano.a(lib_a-nano-mallocr.o)
 .debug_frame   0x00001898       0x3c c:/program files (x86)/cypress/psoc creator/4.4/psoc creator/import/gnu/arm/5.4.1/bin/../lib/gcc/arm-none-eabi/5.4.1/../../../../arm-none-eabi/lib/armv7-m\libg_nano.a(lib_a-nano-reallocr.o)
 .debug_frame   0x000018d4       0x2c c:/program files (x86)/cypress/psoc creator/4.4/psoc creator/import/gnu/arm/5.4.1/bin/../lib/gcc/arm-none-eabi/5.4.1/../../../../arm-none-eabi/lib/armv7-m\libg_nano.a(lib_a-sbrkr.o)
 .debug_frame   0x00001900       0x30 c:/program files (x86)/cypress/psoc creator/4.4/psoc creator/import/gnu/arm/5.4.1/bin/../lib/gcc/arm-none-eabi/5.4.1/../../../../arm-none-eabi/lib/armv7-m\libg_nano.a(lib_a-mlock.o)
 .debug_frame   0x00001930       0x20 c:/program files (x86)/cypress/psoc creator/4.4/psoc creator/import/gnu/arm/5.4.1/bin/../lib/gcc/arm-none-eabi/5.4.1/../../../../arm-none-eabi/lib/armv7-m\libg_nano.a(lib_a-nano-msizer.o)
 .debug_frame   0x00001950       0x5c c:/program files (x86)/cypress/psoc creator/4.4/psoc creator/import/gnu/arm/5.4.1/bin/../lib/gcc/arm-none-eabi/5.4.1/../../../../arm-none-eabi/lib/armv7-m\libg_nano.a(lib_a-reent.o)

.debug_str      0x00000000     0x1ead
 *(.debug_str)
 .debug_str     0x00000000      0x37e .\CortexM3\ARM_GCC_541\Debug\main.o
                                0x3ea (size before relaxing)
 .debug_str     0x0000037e      0x1a9 .\CortexM3\ARM_GCC_541\Debug\cyfitter_cfg.o
                                0x36c (size before relaxing)
 .debug_str     0x00000527       0x7f .\CortexM3\ARM_GCC_541\Debug\cymetadata.o
                                0x20c (size before relaxing)
 .debug_str     0x000005a6      0x14f .\CortexM3\ARM_GCC_541\Debug\Cm3Start.o
                                0x342 (size before relaxing)
 .debug_str     0x000006f5      0x2b6 .\CortexM3\ARM_GCC_541\Debug\rear_drive_camera_01.a(UART_1.o)
                                0x4db (size before relaxing)
 .debug_str     0x000009ab      0x19d .\CortexM3\ARM_GCC_541\Debug\rear_drive_camera_01.a(UART_1_IntClock.o)
                                0x376 (size before relaxing)
 .debug_str     0x00000b48      0x35f .\CortexM3\ARM_GCC_541\Debug\rear_drive_camera_01.a(CyDmac.o)
                                0x572 (size before relaxing)
 .debug_str     0x00000ea7      0x7f1 .\CortexM3\ARM_GCC_541\Debug\rear_drive_camera_01.a(CyLib.o)
                                0xa6f (size before relaxing)
 .debug_str     0x00001698      0x365 .\CortexM3\ARM_GCC_541\Debug\rear_drive_camera_01.a(cyPm.o)
                                0x75b (size before relaxing)
 .debug_str     0x000019fd       0x8a .\CortexM3\ARM_GCC_541\Debug\rear_drive_camera_01.a(HC_SR04_1_Trigger.o)
                                0x246 (size before relaxing)
 .debug_str     0x00001a87       0x75 .\CortexM3\ARM_GCC_541\Debug\rear_drive_camera_01.a(Range_1.o)
                                0x271 (size before relaxing)
 .debug_str     0x00001afc       0x32 .\CortexM3\ARM_GCC_541\Debug\rear_drive_camera_01.a(CNT_RESET.o)
                                0x1e3 (size before relaxing)
 .debug_str     0x00001b2e      0x11f .\CortexM3\ARM_GCC_541\Debug\rear_drive_camera_01.a(Range_CLK.o)
                                0x32e (size before relaxing)
 .debug_str     0x00001c4d      0x1b4 .\CortexM3\ARM_GCC_541\Debug\rear_drive_camera_01.a(CyFlash.o)
                                0x3e8 (size before relaxing)
 .debug_str     0x00001e01       0xac .\CortexM3\ARM_GCC_541\Debug\rear_drive_camera_01.a(CySpc.o)
                                0x360 (size before relaxing)

.debug_loc      0x00000000     0x2f97
 *(.debug_loc)
 .debug_loc     0x00000000      0x4ab .\CortexM3\ARM_GCC_541\Debug\main.o
 .debug_loc     0x000004ab      0x25a .\CortexM3\ARM_GCC_541\Debug\cyfitter_cfg.o
 .debug_loc     0x00000705      0x144 .\CortexM3\ARM_GCC_541\Debug\Cm3Start.o
 .debug_loc     0x00000849      0x258 .\CortexM3\ARM_GCC_541\Debug\rear_drive_camera_01.a(UART_1.o)
 .debug_loc     0x00000aa1      0x12c .\CortexM3\ARM_GCC_541\Debug\rear_drive_camera_01.a(UART_1_IntClock.o)
 .debug_loc     0x00000bcd      0xb8e .\CortexM3\ARM_GCC_541\Debug\rear_drive_camera_01.a(CyDmac.o)
 .debug_loc     0x0000175b      0xa11 .\CortexM3\ARM_GCC_541\Debug\rear_drive_camera_01.a(CyLib.o)
 .debug_loc     0x0000216c      0x1e4 .\CortexM3\ARM_GCC_541\Debug\rear_drive_camera_01.a(cyPm.o)
 .debug_loc     0x00002350       0x42 .\CortexM3\ARM_GCC_541\Debug\rear_drive_camera_01.a(HC_SR04_1_Trigger.o)
 .debug_loc     0x00002392       0x26 .\CortexM3\ARM_GCC_541\Debug\rear_drive_camera_01.a(Range_1.o)
 .debug_loc     0x000023b8      0x128 .\CortexM3\ARM_GCC_541\Debug\rear_drive_camera_01.a(Range_CLK.o)
 .debug_loc     0x000024e0      0x3b2 .\CortexM3\ARM_GCC_541\Debug\rear_drive_camera_01.a(CyFlash.o)
 .debug_loc     0x00002892      0x705 .\CortexM3\ARM_GCC_541\Debug\rear_drive_camera_01.a(CySpc.o)

.debug_macinfo
 *(.debug_macinfo)

.debug_ranges   0x00000000      0x7d0
 *(.debug_ranges)
 .debug_ranges  0x00000000       0x78 .\CortexM3\ARM_GCC_541\Debug\main.o
 .debug_ranges  0x00000078       0x48 .\CortexM3\ARM_GCC_541\Debug\cyfitter_cfg.o
 .debug_ranges  0x000000c0       0x38 .\CortexM3\ARM_GCC_541\Debug\Cm3Start.o
 .debug_ranges  0x000000f8       0xe0 .\CortexM3\ARM_GCC_541\Debug\rear_drive_camera_01.a(UART_1.o)
 .debug_ranges  0x000001d8       0x60 .\CortexM3\ARM_GCC_541\Debug\rear_drive_camera_01.a(UART_1_IntClock.o)
 .debug_ranges  0x00000238       0xc8 .\CortexM3\ARM_GCC_541\Debug\rear_drive_camera_01.a(CyDmac.o)
 .debug_ranges  0x00000300      0x290 .\CortexM3\ARM_GCC_541\Debug\rear_drive_camera_01.a(CyLib.o)
 .debug_ranges  0x00000590       0x88 .\CortexM3\ARM_GCC_541\Debug\rear_drive_camera_01.a(cyPm.o)
 .debug_ranges  0x00000618       0x28 .\CortexM3\ARM_GCC_541\Debug\rear_drive_camera_01.a(HC_SR04_1_Trigger.o)
 .debug_ranges  0x00000640       0x30 .\CortexM3\ARM_GCC_541\Debug\rear_drive_camera_01.a(Range_1.o)
 .debug_ranges  0x00000670       0x18 .\CortexM3\ARM_GCC_541\Debug\rear_drive_camera_01.a(CNT_RESET.o)
 .debug_ranges  0x00000688       0x60 .\CortexM3\ARM_GCC_541\Debug\rear_drive_camera_01.a(Range_CLK.o)
 .debug_ranges  0x000006e8       0x78 .\CortexM3\ARM_GCC_541\Debug\rear_drive_camera_01.a(CyFlash.o)
 .debug_ranges  0x00000760       0x70 .\CortexM3\ARM_GCC_541\Debug\rear_drive_camera_01.a(CySpc.o)

.comment        0x00000000       0x6e
 .comment       0x00000000       0x6e .\CortexM3\ARM_GCC_541\Debug\main.o
                                 0x6f (size before relaxing)
 .comment       0x0000006e       0x6f .\CortexM3\ARM_GCC_541\Debug\cyfitter_cfg.o
 .comment       0x0000006e       0x6f .\CortexM3\ARM_GCC_541\Debug\cymetadata.o
 .comment       0x0000006e       0x6f .\CortexM3\ARM_GCC_541\Debug\Cm3Start.o
 .comment       0x0000006e       0x6f .\CortexM3\ARM_GCC_541\Debug\rear_drive_camera_01.a(UART_1.o)
 .comment       0x0000006e       0x6f .\CortexM3\ARM_GCC_541\Debug\rear_drive_camera_01.a(UART_1_IntClock.o)
 .comment       0x0000006e       0x6f .\CortexM3\ARM_GCC_541\Debug\rear_drive_camera_01.a(CyDmac.o)
 .comment       0x0000006e       0x6f .\CortexM3\ARM_GCC_541\Debug\rear_drive_camera_01.a(CyLib.o)
 .comment       0x0000006e       0x6f .\CortexM3\ARM_GCC_541\Debug\rear_drive_camera_01.a(cyPm.o)
 .comment       0x0000006e       0x6f .\CortexM3\ARM_GCC_541\Debug\rear_drive_camera_01.a(HC_SR04_1_Trigger.o)
 .comment       0x0000006e       0x6f .\CortexM3\ARM_GCC_541\Debug\rear_drive_camera_01.a(Range_1.o)
 .comment       0x0000006e       0x6f .\CortexM3\ARM_GCC_541\Debug\rear_drive_camera_01.a(CNT_RESET.o)
 .comment       0x0000006e       0x6f .\CortexM3\ARM_GCC_541\Debug\rear_drive_camera_01.a(Range_CLK.o)
 .comment       0x0000006e       0x6f .\CortexM3\ARM_GCC_541\Debug\rear_drive_camera_01.a(CyFlash.o)
 .comment       0x0000006e       0x6f .\CortexM3\ARM_GCC_541\Debug\rear_drive_camera_01.a(CySpc.o)

.debug_weaknames
 *(.debug_weaknames)

.debug_funcnames
 *(.debug_funcnames)

.debug_typenames
 *(.debug_typenames)

.debug_varnames
 *(.debug_varnames)

.note.gnu.arm.ident
 *(.note.gnu.arm.ident)

.ARM.attributes
                0x00000000       0x29
 *(.ARM.attributes)
 .ARM.attributes
                0x00000000       0x1d c:/program files (x86)/cypress/psoc creator/4.4/psoc creator/import/gnu/arm/5.4.1/bin/../lib/gcc/arm-none-eabi/5.4.1/armv7-m/crti.o
 .ARM.attributes
                0x0000001d       0x2d c:/program files (x86)/cypress/psoc creator/4.4/psoc creator/import/gnu/arm/5.4.1/bin/../lib/gcc/arm-none-eabi/5.4.1/armv7-m/crtbegin.o
 .ARM.attributes
                0x0000004a       0x1b c:/program files (x86)/cypress/psoc creator/4.4/psoc creator/import/gnu/arm/5.4.1/bin/../lib/gcc/arm-none-eabi/5.4.1/../../../../arm-none-eabi/lib/armv7-m/crt0.o
 .ARM.attributes
                0x00000065       0x33 .\CortexM3\ARM_GCC_541\Debug\main.o
 .ARM.attributes
                0x00000098       0x33 .\CortexM3\ARM_GCC_541\Debug\cyfitter_cfg.o
 .ARM.attributes
                0x000000cb       0x33 .\CortexM3\ARM_GCC_541\Debug\cymetadata.o
 .ARM.attributes
                0x000000fe       0x33 .\CortexM3\ARM_GCC_541\Debug\Cm3Start.o
 .ARM.attributes
                0x00000131       0x33 .\CortexM3\ARM_GCC_541\Debug\rear_drive_camera_01.a(UART_1.o)
 .ARM.attributes
                0x00000164       0x33 .\CortexM3\ARM_GCC_541\Debug\rear_drive_camera_01.a(UART_1_IntClock.o)
 .ARM.attributes
                0x00000197       0x33 .\CortexM3\ARM_GCC_541\Debug\rear_drive_camera_01.a(CyDmac.o)
 .ARM.attributes
                0x000001ca       0x33 .\CortexM3\ARM_GCC_541\Debug\rear_drive_camera_01.a(CyLib.o)
 .ARM.attributes
                0x000001fd       0x33 .\CortexM3\ARM_GCC_541\Debug\rear_drive_camera_01.a(cyPm.o)
 .ARM.attributes
                0x00000230       0x33 .\CortexM3\ARM_GCC_541\Debug\rear_drive_camera_01.a(HC_SR04_1_Trigger.o)
 .ARM.attributes
                0x00000263       0x33 .\CortexM3\ARM_GCC_541\Debug\rear_drive_camera_01.a(Range_1.o)
 .ARM.attributes
                0x00000296       0x33 .\CortexM3\ARM_GCC_541\Debug\rear_drive_camera_01.a(CNT_RESET.o)
 .ARM.attributes
                0x000002c9       0x33 .\CortexM3\ARM_GCC_541\Debug\rear_drive_camera_01.a(Range_CLK.o)
 .ARM.attributes
                0x000002fc       0x21 .\CortexM3\ARM_GCC_541\Debug\rear_drive_camera_01.a(CyBootAsmGnu.o)
 .ARM.attributes
                0x0000031d       0x33 .\CortexM3\ARM_GCC_541\Debug\rear_drive_camera_01.a(CyFlash.o)
 .ARM.attributes
                0x00000350       0x33 .\CortexM3\ARM_GCC_541\Debug\rear_drive_camera_01.a(CySpc.o)
 .ARM.attributes
                0x00000383       0x2d c:/program files (x86)/cypress/psoc creator/4.4/psoc creator/import/gnu/arm/5.4.1/bin/../lib/gcc/arm-none-eabi/5.4.1/../../../../arm-none-eabi/lib/armv7-m\libg_nano.a(lib_a-errno.o)
 .ARM.attributes
                0x000003b0       0x2d c:/program files (x86)/cypress/psoc creator/4.4/psoc creator/import/gnu/arm/5.4.1/bin/../lib/gcc/arm-none-eabi/5.4.1/../../../../arm-none-eabi/lib/armv7-m\libg_nano.a(lib_a-exit.o)
 .ARM.attributes
                0x000003dd       0x2d c:/program files (x86)/cypress/psoc creator/4.4/psoc creator/import/gnu/arm/5.4.1/bin/../lib/gcc/arm-none-eabi/5.4.1/../../../../arm-none-eabi/lib/armv7-m\libg_nano.a(lib_a-impure.o)
 .ARM.attributes
                0x0000040a       0x2d c:/program files (x86)/cypress/psoc creator/4.4/psoc creator/import/gnu/arm/5.4.1/bin/../lib/gcc/arm-none-eabi/5.4.1/../../../../arm-none-eabi/lib/armv7-m\libg_nano.a(lib_a-init.o)
 .ARM.attributes
                0x00000437       0x2d c:/program files (x86)/cypress/psoc creator/4.4/psoc creator/import/gnu/arm/5.4.1/bin/../lib/gcc/arm-none-eabi/5.4.1/../../../../arm-none-eabi/lib/armv7-m\libg_nano.a(lib_a-memcpy-stub.o)
 .ARM.attributes
                0x00000464       0x2d c:/program files (x86)/cypress/psoc creator/4.4/psoc creator/import/gnu/arm/5.4.1/bin/../lib/gcc/arm-none-eabi/5.4.1/../../../../arm-none-eabi/lib/armv7-m\libg_nano.a(lib_a-memset.o)
 .ARM.attributes
                0x00000491       0x2d c:/program files (x86)/cypress/psoc creator/4.4/psoc creator/import/gnu/arm/5.4.1/bin/../lib/gcc/arm-none-eabi/5.4.1/../../../../arm-none-eabi/lib/armv7-m\libg_nano.a(lib_a-sprintf.o)
 .ARM.attributes
                0x000004be       0x2d c:/program files (x86)/cypress/psoc creator/4.4/psoc creator/import/gnu/arm/5.4.1/bin/../lib/gcc/arm-none-eabi/5.4.1/../../../../arm-none-eabi/lib/armv7-m\libg_nano.a(lib_a-nano-svfprintf.o)
 .ARM.attributes
                0x000004eb       0x2d c:/program files (x86)/cypress/psoc creator/4.4/psoc creator/import/gnu/arm/5.4.1/bin/../lib/gcc/arm-none-eabi/5.4.1/../../../../arm-none-eabi/lib/armv7-m\libg_nano.a(lib_a-nano-vfprintf_i.o)
 .ARM.attributes
                0x00000518       0x2d c:/program files (x86)/cypress/psoc creator/4.4/psoc creator/import/gnu/arm/5.4.1/bin/../lib/gcc/arm-none-eabi/5.4.1/../../../../arm-none-eabi/lib/armv7-m\libg_nano.a(lib_a-memchr-stub.o)
 .ARM.attributes
                0x00000545       0x2d c:/program files (x86)/cypress/psoc creator/4.4/psoc creator/import/gnu/arm/5.4.1/bin/../lib/gcc/arm-none-eabi/5.4.1/../../../../arm-none-eabi/lib/armv7-m\libg_nano.a(lib_a-memmove.o)
 .ARM.attributes
                0x00000572       0x2d c:/program files (x86)/cypress/psoc creator/4.4/psoc creator/import/gnu/arm/5.4.1/bin/../lib/gcc/arm-none-eabi/5.4.1/../../../../arm-none-eabi/lib/armv7-m\libg_nano.a(lib_a-nano-freer.o)
 .ARM.attributes
                0x0000059f       0x2d c:/program files (x86)/cypress/psoc creator/4.4/psoc creator/import/gnu/arm/5.4.1/bin/../lib/gcc/arm-none-eabi/5.4.1/../../../../arm-none-eabi/lib/armv7-m\libg_nano.a(lib_a-nano-mallocr.o)
 .ARM.attributes
                0x000005cc       0x2d c:/program files (x86)/cypress/psoc creator/4.4/psoc creator/import/gnu/arm/5.4.1/bin/../lib/gcc/arm-none-eabi/5.4.1/../../../../arm-none-eabi/lib/armv7-m\libg_nano.a(lib_a-nano-reallocr.o)
 .ARM.attributes
                0x000005f9       0x2d c:/program files (x86)/cypress/psoc creator/4.4/psoc creator/import/gnu/arm/5.4.1/bin/../lib/gcc/arm-none-eabi/5.4.1/../../../../arm-none-eabi/lib/armv7-m\libg_nano.a(lib_a-sbrkr.o)
 .ARM.attributes
                0x00000626       0x2d c:/program files (x86)/cypress/psoc creator/4.4/psoc creator/import/gnu/arm/5.4.1/bin/../lib/gcc/arm-none-eabi/5.4.1/../../../../arm-none-eabi/lib/armv7-m\libg_nano.a(lib_a-mlock.o)
 .ARM.attributes
                0x00000653       0x2d c:/program files (x86)/cypress/psoc creator/4.4/psoc creator/import/gnu/arm/5.4.1/bin/../lib/gcc/arm-none-eabi/5.4.1/../../../../arm-none-eabi/lib/armv7-m\libg_nano.a(lib_a-nano-msizer.o)
 .ARM.attributes
                0x00000680       0x2d c:/program files (x86)/cypress/psoc creator/4.4/psoc creator/import/gnu/arm/5.4.1/bin/../lib/gcc/arm-none-eabi/5.4.1/../../../../arm-none-eabi/lib/armv7-m\libg_nano.a(lib_a-reent.o)
 .ARM.attributes
                0x000006ad       0x2d c:/program files (x86)/cypress/psoc creator/4.4/psoc creator/import/gnu/arm/5.4.1/bin/../lib/gcc/arm-none-eabi/5.4.1/armv7-m/crtend.o
 .ARM.attributes
                0x000006da       0x1d c:/program files (x86)/cypress/psoc creator/4.4/psoc creator/import/gnu/arm/5.4.1/bin/../lib/gcc/arm-none-eabi/5.4.1/armv7-m/crtn.o

/DISCARD/
 *(.note.GNU-stack)
OUTPUT(C:\data\GitHub\rear-driving-camera\Cypress\rear_drive_camera\rear_drive_camera\rear_drive_camera_01.cydsn\CortexM3\ARM_GCC_541\Debug\rear_drive_camera_01.elf elf32-littlearm)
